#-----------------------------------------------------------
# Vivado v2020.2 (64-bit)
# SW Build 3064766 on Wed Nov 18 09:12:47 MST 2020
# IP Build 3064653 on Wed Nov 18 14:17:31 MST 2020
# Start of session at: Wed Sep 10 07:01:11 2025
# Process ID: 1515786
# Current directory: /home/gabber/FUDAN/workspace/0803_SBM/new/BBQ_BM
# Command line: vivado BBQ_BM.xpr
# Log file: /home/gabber/FUDAN/workspace/0803_SBM/new/BBQ_BM/vivado.log
# Journal file: /home/gabber/FUDAN/workspace/0803_SBM/new/BBQ_BM/vivado.jou
#-----------------------------------------------------------
start_gui
open_project BBQ_BM.xpr
Scanning sources...
Finished scanning sources
INFO: [IP_Flow 19-234] Refreshing IP repositories
INFO: [IP_Flow 19-1704] No user IP repositories specified
INFO: [IP_Flow 19-2313] Loaded Vivado IP repository '/tools/Xilinx/Vivado/2020.2/data/ip'.
open_project: Time (s): cpu = 00:00:13 ; elapsed = 00:00:06 . Memory (MB): peak = 7408.836 ; gain = 96.309 ; free physical = 29160 ; free virtual = 57794
INFO: [IP_Flow 19-3899] Cannot get the environment domain name variable for the component vendor name. Setting the vendor name to 'user.org'.
update_compile_order -fileset sources_1
exit
INFO: [Common 17-206] Exiting Vivado at Tue Sep 16 19:30:10 2025...
