#-----------------------------------------------------------
# Vivado v2020.2 (64-bit)
# SW Build 3064766 on Wed Nov 18 09:12:47 MST 2020
# IP Build 3064653 on Wed Nov 18 14:17:31 MST 2020
# Start of session at: Mon Aug  4 00:15:33 2025
# Process ID: 3609387
# Current directory: /home/gabber/FUDAN/workspace/0803_SBM/new/BBQ_BM
# Command line: vivado BBQ_BM.xpr
# Log file: /home/gabber/FUDAN/workspace/0803_SBM/new/BBQ_BM/vivado.log
# Journal file: /home/gabber/FUDAN/workspace/0803_SBM/new/BBQ_BM/vivado.jou
#-----------------------------------------------------------
start_gui
open_project BBQ_BM.xpr
Scanning sources...
Finished scanning sources
INFO: [IP_Flow 19-234] Refreshing IP repositories
INFO: [IP_Flow 19-1704] No user IP repositories specified
INFO: [IP_Flow 19-2313] Loaded Vivado IP repository '/tools/Xilinx/Vivado/2020.2/data/ip'.
open_project: Time (s): cpu = 00:00:13 ; elapsed = 00:00:06 . Memory (MB): peak = 7400.836 ; gain = 96.309 ; free physical = 19777 ; free virtual = 58220
INFO: [IP_Flow 19-3899] Cannot get the environment domain name variable for the component vendor name. Setting the vendor name to 'user.org'.
update_compile_order -fileset sources_1
open_hw_manager
connect_hw_server -allow_non_jtag
INFO: [Labtools 27-2285] Connecting to hw_server url TCP:localhost:3121
INFO: [Labtools 27-2222] Launching hw_server...
INFO: [Labtools 27-2221] Launch Output:

****** Xilinx hw_server v2020.2
  **** Build date : Nov 18 2020 at 09:50:49
    ** Copyright 1986-2020 Xilinx, Inc. All Rights Reserved.


INFO: [Labtools 27-3415] Connecting to cs_server url TCP:localhost:3042
INFO: [Labtools 27-3417] Launching cs_server...
INFO: [Labtools 27-2221] Launch Output:


******** Xilinx cs_server v2020.2
  ****** Build date   : Nov 04 2020-05:02:56
    **** Build number : 2020.2.1604437376
      ** Copyright 2017-2020 Xilinx, Inc. All Rights Reserved.



open_hw_target
INFO: [Labtoolstcl 44-466] Opening hw_target localhost:3121/xilinx_tcf/Xilinx/217702027011A
set_property PROGRAM.FILE {/home/gabber/FUDAN/workspace/0803_SBM/new/BBQ_BM/BBQ_BM.runs/impl_1/top.bit} [get_hw_devices xcu280_u55c_0]
set_property PROBES.FILE {/home/gabber/FUDAN/workspace/0803_SBM/new/BBQ_BM/BBQ_BM.runs/impl_1/top.ltx} [get_hw_devices xcu280_u55c_0]
set_property FULL_PROBES.FILE {/home/gabber/FUDAN/workspace/0803_SBM/new/BBQ_BM/BBQ_BM.runs/impl_1/top.ltx} [get_hw_devices xcu280_u55c_0]
current_hw_device [get_hw_devices xcu280_u55c_0]
refresh_hw_device [lindex [get_hw_devices xcu280_u55c_0] 0]
INFO: [Labtools 27-2302] Device xcu280_u55c (JTAG device index = 0) is programmed with a design that has 1 HBM core(s).
INFO: [Labtools 27-2302] Device xcu280_u55c (JTAG device index = 0) is programmed with a design that has 2 ILA core(s).
display_hw_ila_data [ get_hw_ila_data hw_ila_data_1 -of_objects [get_hw_ilas -of_objects [get_hw_devices xcu280_u55c_0] -filter {CELL_NAME=~"bbq_inst/ila_1"}]]
display_hw_ila_data [ get_hw_ila_data hw_ila_data_2 -of_objects [get_hw_ilas -of_objects [get_hw_devices xcu280_u55c_0] -filter {CELL_NAME=~"nolabel_line113"}]]
run_hw_ila [get_hw_ilas -of_objects [get_hw_devices xcu280_u55c_0] -filter {CELL_NAME=~"bbq_inst/ila_1"}]
INFO: [Labtools 27-1964] The ILA core 'hw_ila_1' trigger was armed at 2025-Aug-04 00:16:49
wait_on_hw_ila [get_hw_ilas -of_objects [get_hw_devices xcu280_u55c_0] -filter {CELL_NAME=~"bbq_inst/ila_1"}]
display_hw_ila_data [upload_hw_ila_data [get_hw_ilas -of_objects [get_hw_devices xcu280_u55c_0] -filter {CELL_NAME=~"bbq_inst/ila_1"}]]
INFO: [Labtools 27-1966] The ILA core 'hw_ila_1' triggered at 2025-Aug-04 00:16:49
INFO: [Labtools 27-3304] ILA Waveform data saved to file /home/gabber/FUDAN/workspace/0803_SBM/new/BBQ_BM/BBQ_BM.hw/backup/hw_ila_data_1.ila. Use Tcl command 'read_hw_ila_data' or Vivado File->Import->Import ILA Data menu item to import the previously saved data.
run_hw_ila [get_hw_ilas -of_objects [get_hw_devices xcu280_u55c_0] -filter {CELL_NAME=~"bbq_inst/ila_1"}]
INFO: [Labtools 27-1964] The ILA core 'hw_ila_1' trigger was armed at 2025-Aug-04 00:16:53
wait_on_hw_ila [get_hw_ilas -of_objects [get_hw_devices xcu280_u55c_0] -filter {CELL_NAME=~"bbq_inst/ila_1"}]
display_hw_ila_data [upload_hw_ila_data [get_hw_ilas -of_objects [get_hw_devices xcu280_u55c_0] -filter {CELL_NAME=~"bbq_inst/ila_1"}]]
INFO: [Labtools 27-1966] The ILA core 'hw_ila_1' triggered at 2025-Aug-04 00:16:53
INFO: [Labtools 27-3304] ILA Waveform data saved to file /home/gabber/FUDAN/workspace/0803_SBM/new/BBQ_BM/BBQ_BM.hw/backup/hw_ila_data_1.ila. Use Tcl command 'read_hw_ila_data' or Vivado File->Import->Import ILA Data menu item to import the previously saved data.
run_hw_ila [get_hw_ilas -of_objects [get_hw_devices xcu280_u55c_0] -filter {CELL_NAME=~"bbq_inst/ila_1"}]
INFO: [Labtools 27-1964] The ILA core 'hw_ila_1' trigger was armed at 2025-Aug-04 00:17:38
wait_on_hw_ila [get_hw_ilas -of_objects [get_hw_devices xcu280_u55c_0] -filter {CELL_NAME=~"bbq_inst/ila_1"}]
display_hw_ila_data [upload_hw_ila_data [get_hw_ilas -of_objects [get_hw_devices xcu280_u55c_0] -filter {CELL_NAME=~"bbq_inst/ila_1"}]]
INFO: [Labtools 27-1966] The ILA core 'hw_ila_1' triggered at 2025-Aug-04 00:17:38
INFO: [Labtools 27-3304] ILA Waveform data saved to file /home/gabber/FUDAN/workspace/0803_SBM/new/BBQ_BM/BBQ_BM.hw/backup/hw_ila_data_1.ila. Use Tcl command 'read_hw_ila_data' or Vivado File->Import->Import ILA Data menu item to import the previously saved data.
run_hw_ila [get_hw_ilas -of_objects [get_hw_devices xcu280_u55c_0] -filter {CELL_NAME=~"bbq_inst/ila_1"}]
INFO: [Labtools 27-1964] The ILA core 'hw_ila_1' trigger was armed at 2025-Aug-04 00:17:41
wait_on_hw_ila [get_hw_ilas -of_objects [get_hw_devices xcu280_u55c_0] -filter {CELL_NAME=~"bbq_inst/ila_1"}]
display_hw_ila_data [upload_hw_ila_data [get_hw_ilas -of_objects [get_hw_devices xcu280_u55c_0] -filter {CELL_NAME=~"bbq_inst/ila_1"}]]
INFO: [Labtools 27-1966] The ILA core 'hw_ila_1' triggered at 2025-Aug-04 00:17:41
INFO: [Labtools 27-3304] ILA Waveform data saved to file /home/gabber/FUDAN/workspace/0803_SBM/new/BBQ_BM/BBQ_BM.hw/backup/hw_ila_data_1.ila. Use Tcl command 'read_hw_ila_data' or Vivado File->Import->Import ILA Data menu item to import the previously saved data.
save_wave_config {/home/gabber/FUDAN/workspace/0803_SBM/new/BBQ_BM/BBQ_BM.hw/hw_1/wave/hw_ila_data_1/hw_ila_data_1.wcfg}
save_wave_config {/home/gabber/FUDAN/workspace/0803_SBM/new/BBQ_BM/BBQ_BM.hw/hw_1/wave/hw_ila_data_2/hw_ila_data_2.wcfg}
close_hw_manager
reset_run synth_1
launch_runs impl_1 -to_step write_bitstream -jobs 8
INFO: [Vivado 12-4149] The synthesis checkpoint for IP '/home/gabber/FUDAN/workspace/0803_SBM/new/BBQ_BM/BBQ_BM.srcs/sources_1/ip/hbm_0/hbm_0.xci' is already up-to-date
INFO: [Vivado 12-4149] The synthesis checkpoint for IP '/home/gabber/FUDAN/workspace/0803_SBM/new/BBQ_BM/BBQ_BM.srcs/sources_1/ip/fifo_generator_0/fifo_generator_0.xci' is already up-to-date
INFO: [Vivado 12-4149] The synthesis checkpoint for IP '/home/gabber/FUDAN/workspace/0803_SBM/new/BBQ_BM/BBQ_BM.srcs/sources_1/ip/blk_mem_gen_1/blk_mem_gen_1.xci' is already up-to-date
INFO: [Vivado 12-4149] The synthesis checkpoint for IP '/home/gabber/FUDAN/workspace/0803_SBM/new/BBQ_BM/BBQ_BM.srcs/sources_1/ip/blk_mem_gen_0/blk_mem_gen_0.xci' is already up-to-date
[Mon Aug  4 00:20:56 2025] Launched synth_1...
Run output will be captured here: /home/gabber/FUDAN/workspace/0803_SBM/new/BBQ_BM/BBQ_BM.runs/synth_1/runme.log
[Mon Aug  4 00:20:56 2025] Launched impl_1...
Run output will be captured here: /home/gabber/FUDAN/workspace/0803_SBM/new/BBQ_BM/BBQ_BM.runs/impl_1/runme.log
open_hw_manager
connect_hw_server -allow_non_jtag
INFO: [Labtools 27-2285] Connecting to hw_server url TCP:localhost:3121
INFO: [Labtools 27-2222] Launching hw_server...
INFO: [Labtools 27-2221] Launch Output:

****** Xilinx hw_server v2020.2
  **** Build date : Nov 18 2020 at 09:50:49
    ** Copyright 1986-2020 Xilinx, Inc. All Rights Reserved.


INFO: [Labtools 27-3415] Connecting to cs_server url TCP:localhost:3042
INFO: [Labtools 27-3417] Launching cs_server...
INFO: [Labtools 27-2221] Launch Output:


******** Xilinx cs_server v2020.2
  ****** Build date   : Nov 04 2020-05:02:56
    **** Build number : 2020.2.1604437376
      ** Copyright 2017-2020 Xilinx, Inc. All Rights Reserved.



open_hw_target
INFO: [Labtoolstcl 44-466] Opening hw_target localhost:3121/xilinx_tcf/Xilinx/217702027011A
set_property PROGRAM.FILE {/home/gabber/FUDAN/workspace/0803_SBM/new/BBQ_BM/BBQ_BM.runs/impl_1/top.bit} [get_hw_devices xcu280_u55c_0]
set_property PROBES.FILE {/home/gabber/FUDAN/workspace/0803_SBM/new/BBQ_BM/BBQ_BM.runs/impl_1/top.ltx} [get_hw_devices xcu280_u55c_0]
set_property FULL_PROBES.FILE {/home/gabber/FUDAN/workspace/0803_SBM/new/BBQ_BM/BBQ_BM.runs/impl_1/top.ltx} [get_hw_devices xcu280_u55c_0]
current_hw_device [get_hw_devices xcu280_u55c_0]
refresh_hw_device [lindex [get_hw_devices xcu280_u55c_0] 0]
INFO: [Labtools 27-2302] Device xcu280_u55c (JTAG device index = 0) is programmed with a design that has 1 HBM core(s).
INFO: [Labtools 27-2302] Device xcu280_u55c (JTAG device index = 0) is programmed with a design that has 2 ILA core(s).
display_hw_ila_data [ get_hw_ila_data hw_ila_data_1 -of_objects [get_hw_ilas -of_objects [get_hw_devices xcu280_u55c_0] -filter {CELL_NAME=~"bbq_inst/ila_1"}]]
display_hw_ila_data [ get_hw_ila_data hw_ila_data_2 -of_objects [get_hw_ilas -of_objects [get_hw_devices xcu280_u55c_0] -filter {CELL_NAME=~"nolabel_line113"}]]
set_property PROBES.FILE {/home/gabber/FUDAN/workspace/0803_SBM/new/BBQ_BM/BBQ_BM.runs/impl_1/top.ltx} [get_hw_devices xcu280_u55c_0]
set_property FULL_PROBES.FILE {/home/gabber/FUDAN/workspace/0803_SBM/new/BBQ_BM/BBQ_BM.runs/impl_1/top.ltx} [get_hw_devices xcu280_u55c_0]
set_property PROGRAM.FILE {/home/gabber/FUDAN/workspace/0803_SBM/new/BBQ_BM/BBQ_BM.runs/impl_1/top.bit} [get_hw_devices xcu280_u55c_0]
program_hw_devices [get_hw_devices xcu280_u55c_0]
INFO: [Labtools 27-3164] End of startup status: HIGH
program_hw_devices: Time (s): cpu = 00:00:49 ; elapsed = 00:00:48 . Memory (MB): peak = 8740.520 ; gain = 0.000 ; free physical = 17981 ; free virtual = 56478
refresh_hw_device [lindex [get_hw_devices xcu280_u55c_0] 0]
INFO: [Labtools 27-2302] Device xcu280_u55c (JTAG device index = 0) is programmed with a design that has 1 HBM core(s).
INFO: [Labtools 27-2302] Device xcu280_u55c (JTAG device index = 0) is programmed with a design that has 2 ILA core(s).
run_hw_ila [get_hw_ilas -of_objects [get_hw_devices xcu280_u55c_0] -filter {CELL_NAME=~"bbq_inst/ila_1"}]
INFO: [Labtools 27-1964] The ILA core 'hw_ila_1' trigger was armed at 2025-Aug-04 00:29:06
wait_on_hw_ila [get_hw_ilas -of_objects [get_hw_devices xcu280_u55c_0] -filter {CELL_NAME=~"bbq_inst/ila_1"}]
display_hw_ila_data [upload_hw_ila_data [get_hw_ilas -of_objects [get_hw_devices xcu280_u55c_0] -filter {CELL_NAME=~"bbq_inst/ila_1"}]]
INFO: [Labtools 27-1966] The ILA core 'hw_ila_1' triggered at 2025-Aug-04 00:29:06
INFO: [Labtools 27-3304] ILA Waveform data saved to file /home/gabber/FUDAN/workspace/0803_SBM/new/BBQ_BM/BBQ_BM.hw/backup/hw_ila_data_1.ila. Use Tcl command 'read_hw_ila_data' or Vivado File->Import->Import ILA Data menu item to import the previously saved data.
run_hw_ila [get_hw_ilas -of_objects [get_hw_devices xcu280_u55c_0] -filter {CELL_NAME=~"bbq_inst/ila_1"}]
INFO: [Labtools 27-1964] The ILA core 'hw_ila_1' trigger was armed at 2025-Aug-04 00:29:09
wait_on_hw_ila [get_hw_ilas -of_objects [get_hw_devices xcu280_u55c_0] -filter {CELL_NAME=~"bbq_inst/ila_1"}]
display_hw_ila_data [upload_hw_ila_data [get_hw_ilas -of_objects [get_hw_devices xcu280_u55c_0] -filter {CELL_NAME=~"bbq_inst/ila_1"}]]
INFO: [Labtools 27-1966] The ILA core 'hw_ila_1' triggered at 2025-Aug-04 00:29:09
INFO: [Labtools 27-3304] ILA Waveform data saved to file /home/gabber/FUDAN/workspace/0803_SBM/new/BBQ_BM/BBQ_BM.hw/backup/hw_ila_data_1.ila. Use Tcl command 'read_hw_ila_data' or Vivado File->Import->Import ILA Data menu item to import the previously saved data.
run_hw_ila [get_hw_ilas -of_objects [get_hw_devices xcu280_u55c_0] -filter {CELL_NAME=~"bbq_inst/ila_1"}]
INFO: [Labtools 27-1964] The ILA core 'hw_ila_1' trigger was armed at 2025-Aug-04 00:29:18
wait_on_hw_ila [get_hw_ilas -of_objects [get_hw_devices xcu280_u55c_0] -filter {CELL_NAME=~"bbq_inst/ila_1"}]
display_hw_ila_data [upload_hw_ila_data [get_hw_ilas -of_objects [get_hw_devices xcu280_u55c_0] -filter {CELL_NAME=~"bbq_inst/ila_1"}]]
INFO: [Labtools 27-1966] The ILA core 'hw_ila_1' triggered at 2025-Aug-04 00:29:18
INFO: [Labtools 27-3304] ILA Waveform data saved to file /home/gabber/FUDAN/workspace/0803_SBM/new/BBQ_BM/BBQ_BM.hw/backup/hw_ila_data_1.ila. Use Tcl command 'read_hw_ila_data' or Vivado File->Import->Import ILA Data menu item to import the previously saved data.
run_hw_ila [get_hw_ilas -of_objects [get_hw_devices xcu280_u55c_0] -filter {CELL_NAME=~"bbq_inst/ila_1"}]
INFO: [Labtools 27-1964] The ILA core 'hw_ila_1' trigger was armed at 2025-Aug-04 00:29:22
wait_on_hw_ila [get_hw_ilas -of_objects [get_hw_devices xcu280_u55c_0] -filter {CELL_NAME=~"bbq_inst/ila_1"}]
display_hw_ila_data [upload_hw_ila_data [get_hw_ilas -of_objects [get_hw_devices xcu280_u55c_0] -filter {CELL_NAME=~"bbq_inst/ila_1"}]]
INFO: [Labtools 27-1966] The ILA core 'hw_ila_1' triggered at 2025-Aug-04 00:29:22
INFO: [Labtools 27-3304] ILA Waveform data saved to file /home/gabber/FUDAN/workspace/0803_SBM/new/BBQ_BM/BBQ_BM.hw/backup/hw_ila_data_1.ila. Use Tcl command 'read_hw_ila_data' or Vivado File->Import->Import ILA Data menu item to import the previously saved data.
run_hw_ila [get_hw_ilas -of_objects [get_hw_devices xcu280_u55c_0] -filter {CELL_NAME=~"bbq_inst/ila_1"}]
INFO: [Labtools 27-1964] The ILA core 'hw_ila_1' trigger was armed at 2025-Aug-04 00:29:25
wait_on_hw_ila [get_hw_ilas -of_objects [get_hw_devices xcu280_u55c_0] -filter {CELL_NAME=~"bbq_inst/ila_1"}]
display_hw_ila_data [upload_hw_ila_data [get_hw_ilas -of_objects [get_hw_devices xcu280_u55c_0] -filter {CELL_NAME=~"bbq_inst/ila_1"}]]
INFO: [Labtools 27-1966] The ILA core 'hw_ila_1' triggered at 2025-Aug-04 00:29:25
INFO: [Labtools 27-3304] ILA Waveform data saved to file /home/gabber/FUDAN/workspace/0803_SBM/new/BBQ_BM/BBQ_BM.hw/backup/hw_ila_data_1.ila. Use Tcl command 'read_hw_ila_data' or Vivado File->Import->Import ILA Data menu item to import the previously saved data.
run_hw_ila [get_hw_ilas -of_objects [get_hw_devices xcu280_u55c_0] -filter {CELL_NAME=~"bbq_inst/ila_1"}]
INFO: [Labtools 27-1964] The ILA core 'hw_ila_1' trigger was armed at 2025-Aug-04 00:29:28
wait_on_hw_ila [get_hw_ilas -of_objects [get_hw_devices xcu280_u55c_0] -filter {CELL_NAME=~"bbq_inst/ila_1"}]
display_hw_ila_data [upload_hw_ila_data [get_hw_ilas -of_objects [get_hw_devices xcu280_u55c_0] -filter {CELL_NAME=~"bbq_inst/ila_1"}]]
INFO: [Labtools 27-1966] The ILA core 'hw_ila_1' triggered at 2025-Aug-04 00:29:28
INFO: [Labtools 27-3304] ILA Waveform data saved to file /home/gabber/FUDAN/workspace/0803_SBM/new/BBQ_BM/BBQ_BM.hw/backup/hw_ila_data_1.ila. Use Tcl command 'read_hw_ila_data' or Vivado File->Import->Import ILA Data menu item to import the previously saved data.
save_wave_config {/home/gabber/FUDAN/workspace/0803_SBM/new/BBQ_BM/BBQ_BM.hw/hw_1/wave/hw_ila_data_1/hw_ila_data_1.wcfg}
save_wave_config {/home/gabber/FUDAN/workspace/0803_SBM/new/BBQ_BM/BBQ_BM.hw/hw_1/wave/hw_ila_data_2/hw_ila_data_2.wcfg}
close_hw_manager
reset_run synth_1
launch_runs impl_1 -to_step write_bitstream -jobs 8
INFO: [Vivado 12-4149] The synthesis checkpoint for IP '/home/gabber/FUDAN/workspace/0803_SBM/new/BBQ_BM/BBQ_BM.srcs/sources_1/ip/hbm_0/hbm_0.xci' is already up-to-date
INFO: [Vivado 12-4149] The synthesis checkpoint for IP '/home/gabber/FUDAN/workspace/0803_SBM/new/BBQ_BM/BBQ_BM.srcs/sources_1/ip/fifo_generator_0/fifo_generator_0.xci' is already up-to-date
INFO: [Vivado 12-4149] The synthesis checkpoint for IP '/home/gabber/FUDAN/workspace/0803_SBM/new/BBQ_BM/BBQ_BM.srcs/sources_1/ip/blk_mem_gen_1/blk_mem_gen_1.xci' is already up-to-date
INFO: [Vivado 12-4149] The synthesis checkpoint for IP '/home/gabber/FUDAN/workspace/0803_SBM/new/BBQ_BM/BBQ_BM.srcs/sources_1/ip/blk_mem_gen_0/blk_mem_gen_0.xci' is already up-to-date
[Mon Aug  4 00:30:04 2025] Launched synth_1...
Run output will be captured here: /home/gabber/FUDAN/workspace/0803_SBM/new/BBQ_BM/BBQ_BM.runs/synth_1/runme.log
[Mon Aug  4 00:30:04 2025] Launched impl_1...
Run output will be captured here: /home/gabber/FUDAN/workspace/0803_SBM/new/BBQ_BM/BBQ_BM.runs/impl_1/runme.log
open_hw_manager
connect_hw_server -allow_non_jtag
INFO: [Labtools 27-2285] Connecting to hw_server url TCP:localhost:3121
INFO: [Labtools 27-2222] Launching hw_server...
INFO: [Labtools 27-2221] Launch Output:

****** Xilinx hw_server v2020.2
  **** Build date : Nov 18 2020 at 09:50:49
    ** Copyright 1986-2020 Xilinx, Inc. All Rights Reserved.


INFO: [Labtools 27-3415] Connecting to cs_server url TCP:localhost:3042
INFO: [Labtools 27-3417] Launching cs_server...
INFO: [Labtools 27-2221] Launch Output:


******** Xilinx cs_server v2020.2
  ****** Build date   : Nov 04 2020-05:02:56
    **** Build number : 2020.2.1604437376
      ** Copyright 2017-2020 Xilinx, Inc. All Rights Reserved.



open_hw_target
INFO: [Labtoolstcl 44-466] Opening hw_target localhost:3121/xilinx_tcf/Xilinx/217702027011A
set_property PROGRAM.FILE {/home/gabber/FUDAN/workspace/0803_SBM/new/BBQ_BM/BBQ_BM.runs/impl_1/top.bit} [get_hw_devices xcu280_u55c_0]
set_property PROBES.FILE {/home/gabber/FUDAN/workspace/0803_SBM/new/BBQ_BM/BBQ_BM.runs/impl_1/top.ltx} [get_hw_devices xcu280_u55c_0]
set_property FULL_PROBES.FILE {/home/gabber/FUDAN/workspace/0803_SBM/new/BBQ_BM/BBQ_BM.runs/impl_1/top.ltx} [get_hw_devices xcu280_u55c_0]
current_hw_device [get_hw_devices xcu280_u55c_0]
refresh_hw_device [lindex [get_hw_devices xcu280_u55c_0] 0]
INFO: [Labtools 27-2302] Device xcu280_u55c (JTAG device index = 0) is programmed with a design that has 1 HBM core(s).
INFO: [Labtools 27-2302] Device xcu280_u55c (JTAG device index = 0) is programmed with a design that has 2 ILA core(s).
display_hw_ila_data [ get_hw_ila_data hw_ila_data_1 -of_objects [get_hw_ilas -of_objects [get_hw_devices xcu280_u55c_0] -filter {CELL_NAME=~"bbq_inst/ila_1"}]]
display_hw_ila_data [ get_hw_ila_data hw_ila_data_2 -of_objects [get_hw_ilas -of_objects [get_hw_devices xcu280_u55c_0] -filter {CELL_NAME=~"nolabel_line113"}]]
run_hw_ila [get_hw_ilas -of_objects [get_hw_devices xcu280_u55c_0] -filter {CELL_NAME=~"bbq_inst/ila_1"}]
INFO: [Labtools 27-1964] The ILA core 'hw_ila_1' trigger was armed at 2025-Aug-04 00:37:34
wait_on_hw_ila [get_hw_ilas -of_objects [get_hw_devices xcu280_u55c_0] -filter {CELL_NAME=~"bbq_inst/ila_1"}]
display_hw_ila_data [upload_hw_ila_data [get_hw_ilas -of_objects [get_hw_devices xcu280_u55c_0] -filter {CELL_NAME=~"bbq_inst/ila_1"}]]
INFO: [Labtools 27-1966] The ILA core 'hw_ila_1' triggered at 2025-Aug-04 00:37:34
INFO: [Labtools 27-3304] ILA Waveform data saved to file /home/gabber/FUDAN/workspace/0803_SBM/new/BBQ_BM/BBQ_BM.hw/backup/hw_ila_data_1.ila. Use Tcl command 'read_hw_ila_data' or Vivado File->Import->Import ILA Data menu item to import the previously saved data.
run_hw_ila [get_hw_ilas -of_objects [get_hw_devices xcu280_u55c_0] -filter {CELL_NAME=~"bbq_inst/ila_1"}]
INFO: [Labtools 27-1964] The ILA core 'hw_ila_1' trigger was armed at 2025-Aug-04 00:37:37
wait_on_hw_ila [get_hw_ilas -of_objects [get_hw_devices xcu280_u55c_0] -filter {CELL_NAME=~"bbq_inst/ila_1"}]
display_hw_ila_data [upload_hw_ila_data [get_hw_ilas -of_objects [get_hw_devices xcu280_u55c_0] -filter {CELL_NAME=~"bbq_inst/ila_1"}]]
INFO: [Labtools 27-1966] The ILA core 'hw_ila_1' triggered at 2025-Aug-04 00:37:37
INFO: [Labtools 27-3304] ILA Waveform data saved to file /home/gabber/FUDAN/workspace/0803_SBM/new/BBQ_BM/BBQ_BM.hw/backup/hw_ila_data_1.ila. Use Tcl command 'read_hw_ila_data' or Vivado File->Import->Import ILA Data menu item to import the previously saved data.
run_hw_ila [get_hw_ilas -of_objects [get_hw_devices xcu280_u55c_0] -filter {CELL_NAME=~"bbq_inst/ila_1"}]
INFO: [Labtools 27-1964] The ILA core 'hw_ila_1' trigger was armed at 2025-Aug-04 00:37:41
wait_on_hw_ila [get_hw_ilas -of_objects [get_hw_devices xcu280_u55c_0] -filter {CELL_NAME=~"bbq_inst/ila_1"}]
display_hw_ila_data [upload_hw_ila_data [get_hw_ilas -of_objects [get_hw_devices xcu280_u55c_0] -filter {CELL_NAME=~"bbq_inst/ila_1"}]]
INFO: [Labtools 27-1966] The ILA core 'hw_ila_1' triggered at 2025-Aug-04 00:37:41
INFO: [Labtools 27-3304] ILA Waveform data saved to file /home/gabber/FUDAN/workspace/0803_SBM/new/BBQ_BM/BBQ_BM.hw/backup/hw_ila_data_1.ila. Use Tcl command 'read_hw_ila_data' or Vivado File->Import->Import ILA Data menu item to import the previously saved data.
run_hw_ila [get_hw_ilas -of_objects [get_hw_devices xcu280_u55c_0] -filter {CELL_NAME=~"bbq_inst/ila_1"}]
INFO: [Labtools 27-1964] The ILA core 'hw_ila_1' trigger was armed at 2025-Aug-04 00:37:44
wait_on_hw_ila [get_hw_ilas -of_objects [get_hw_devices xcu280_u55c_0] -filter {CELL_NAME=~"bbq_inst/ila_1"}]
display_hw_ila_data [upload_hw_ila_data [get_hw_ilas -of_objects [get_hw_devices xcu280_u55c_0] -filter {CELL_NAME=~"bbq_inst/ila_1"}]]
INFO: [Labtools 27-1966] The ILA core 'hw_ila_1' triggered at 2025-Aug-04 00:37:44
INFO: [Labtools 27-3304] ILA Waveform data saved to file /home/gabber/FUDAN/workspace/0803_SBM/new/BBQ_BM/BBQ_BM.hw/backup/hw_ila_data_1.ila. Use Tcl command 'read_hw_ila_data' or Vivado File->Import->Import ILA Data menu item to import the previously saved data.
run_hw_ila [get_hw_ilas -of_objects [get_hw_devices xcu280_u55c_0] -filter {CELL_NAME=~"bbq_inst/ila_1"}]
INFO: [Labtools 27-1964] The ILA core 'hw_ila_1' trigger was armed at 2025-Aug-04 00:37:48
wait_on_hw_ila [get_hw_ilas -of_objects [get_hw_devices xcu280_u55c_0] -filter {CELL_NAME=~"bbq_inst/ila_1"}]
display_hw_ila_data [upload_hw_ila_data [get_hw_ilas -of_objects [get_hw_devices xcu280_u55c_0] -filter {CELL_NAME=~"bbq_inst/ila_1"}]]
INFO: [Labtools 27-1966] The ILA core 'hw_ila_1' triggered at 2025-Aug-04 00:37:48
INFO: [Labtools 27-3304] ILA Waveform data saved to file /home/gabber/FUDAN/workspace/0803_SBM/new/BBQ_BM/BBQ_BM.hw/backup/hw_ila_data_1.ila. Use Tcl command 'read_hw_ila_data' or Vivado File->Import->Import ILA Data menu item to import the previously saved data.
run_hw_ila [get_hw_ilas -of_objects [get_hw_devices xcu280_u55c_0] -filter {CELL_NAME=~"bbq_inst/ila_1"}]
INFO: [Labtools 27-1964] The ILA core 'hw_ila_1' trigger was armed at 2025-Aug-04 00:37:51
wait_on_hw_ila [get_hw_ilas -of_objects [get_hw_devices xcu280_u55c_0] -filter {CELL_NAME=~"bbq_inst/ila_1"}]
display_hw_ila_data [upload_hw_ila_data [get_hw_ilas -of_objects [get_hw_devices xcu280_u55c_0] -filter {CELL_NAME=~"bbq_inst/ila_1"}]]
INFO: [Labtools 27-1966] The ILA core 'hw_ila_1' triggered at 2025-Aug-04 00:37:51
INFO: [Labtools 27-3304] ILA Waveform data saved to file /home/gabber/FUDAN/workspace/0803_SBM/new/BBQ_BM/BBQ_BM.hw/backup/hw_ila_data_1.ila. Use Tcl command 'read_hw_ila_data' or Vivado File->Import->Import ILA Data menu item to import the previously saved data.
run_hw_ila [get_hw_ilas -of_objects [get_hw_devices xcu280_u55c_0] -filter {CELL_NAME=~"bbq_inst/ila_1"}]
INFO: [Labtools 27-1964] The ILA core 'hw_ila_1' trigger was armed at 2025-Aug-04 00:37:54
wait_on_hw_ila [get_hw_ilas -of_objects [get_hw_devices xcu280_u55c_0] -filter {CELL_NAME=~"bbq_inst/ila_1"}]
display_hw_ila_data [upload_hw_ila_data [get_hw_ilas -of_objects [get_hw_devices xcu280_u55c_0] -filter {CELL_NAME=~"bbq_inst/ila_1"}]]
INFO: [Labtools 27-1966] The ILA core 'hw_ila_1' triggered at 2025-Aug-04 00:37:54
INFO: [Labtools 27-3304] ILA Waveform data saved to file /home/gabber/FUDAN/workspace/0803_SBM/new/BBQ_BM/BBQ_BM.hw/backup/hw_ila_data_1.ila. Use Tcl command 'read_hw_ila_data' or Vivado File->Import->Import ILA Data menu item to import the previously saved data.
run_hw_ila [get_hw_ilas -of_objects [get_hw_devices xcu280_u55c_0] -filter {CELL_NAME=~"bbq_inst/ila_1"}]
INFO: [Labtools 27-1964] The ILA core 'hw_ila_1' trigger was armed at 2025-Aug-04 00:37:58
wait_on_hw_ila [get_hw_ilas -of_objects [get_hw_devices xcu280_u55c_0] -filter {CELL_NAME=~"bbq_inst/ila_1"}]
display_hw_ila_data [upload_hw_ila_data [get_hw_ilas -of_objects [get_hw_devices xcu280_u55c_0] -filter {CELL_NAME=~"bbq_inst/ila_1"}]]
INFO: [Labtools 27-1966] The ILA core 'hw_ila_1' triggered at 2025-Aug-04 00:37:58
INFO: [Labtools 27-3304] ILA Waveform data saved to file /home/gabber/FUDAN/workspace/0803_SBM/new/BBQ_BM/BBQ_BM.hw/backup/hw_ila_data_1.ila. Use Tcl command 'read_hw_ila_data' or Vivado File->Import->Import ILA Data menu item to import the previously saved data.
run_hw_ila [get_hw_ilas -of_objects [get_hw_devices xcu280_u55c_0] -filter {CELL_NAME=~"bbq_inst/ila_1"}]
INFO: [Labtools 27-1964] The ILA core 'hw_ila_1' trigger was armed at 2025-Aug-04 00:38:01
wait_on_hw_ila [get_hw_ilas -of_objects [get_hw_devices xcu280_u55c_0] -filter {CELL_NAME=~"bbq_inst/ila_1"}]
display_hw_ila_data [upload_hw_ila_data [get_hw_ilas -of_objects [get_hw_devices xcu280_u55c_0] -filter {CELL_NAME=~"bbq_inst/ila_1"}]]
INFO: [Labtools 27-1966] The ILA core 'hw_ila_1' triggered at 2025-Aug-04 00:38:01
INFO: [Labtools 27-3304] ILA Waveform data saved to file /home/gabber/FUDAN/workspace/0803_SBM/new/BBQ_BM/BBQ_BM.hw/backup/hw_ila_data_1.ila. Use Tcl command 'read_hw_ila_data' or Vivado File->Import->Import ILA Data menu item to import the previously saved data.
run_hw_ila [get_hw_ilas -of_objects [get_hw_devices xcu280_u55c_0] -filter {CELL_NAME=~"bbq_inst/ila_1"}]
INFO: [Labtools 27-1964] The ILA core 'hw_ila_1' trigger was armed at 2025-Aug-04 00:38:04
wait_on_hw_ila [get_hw_ilas -of_objects [get_hw_devices xcu280_u55c_0] -filter {CELL_NAME=~"bbq_inst/ila_1"}]
display_hw_ila_data [upload_hw_ila_data [get_hw_ilas -of_objects [get_hw_devices xcu280_u55c_0] -filter {CELL_NAME=~"bbq_inst/ila_1"}]]
INFO: [Labtools 27-1966] The ILA core 'hw_ila_1' triggered at 2025-Aug-04 00:38:04
INFO: [Labtools 27-3304] ILA Waveform data saved to file /home/gabber/FUDAN/workspace/0803_SBM/new/BBQ_BM/BBQ_BM.hw/backup/hw_ila_data_1.ila. Use Tcl command 'read_hw_ila_data' or Vivado File->Import->Import ILA Data menu item to import the previously saved data.
run_hw_ila [get_hw_ilas -of_objects [get_hw_devices xcu280_u55c_0] -filter {CELL_NAME=~"bbq_inst/ila_1"}]
INFO: [Labtools 27-1964] The ILA core 'hw_ila_1' trigger was armed at 2025-Aug-04 00:38:08
wait_on_hw_ila [get_hw_ilas -of_objects [get_hw_devices xcu280_u55c_0] -filter {CELL_NAME=~"bbq_inst/ila_1"}]
display_hw_ila_data [upload_hw_ila_data [get_hw_ilas -of_objects [get_hw_devices xcu280_u55c_0] -filter {CELL_NAME=~"bbq_inst/ila_1"}]]
INFO: [Labtools 27-1966] The ILA core 'hw_ila_1' triggered at 2025-Aug-04 00:38:08
INFO: [Labtools 27-3304] ILA Waveform data saved to file /home/gabber/FUDAN/workspace/0803_SBM/new/BBQ_BM/BBQ_BM.hw/backup/hw_ila_data_1.ila. Use Tcl command 'read_hw_ila_data' or Vivado File->Import->Import ILA Data menu item to import the previously saved data.
run_hw_ila [get_hw_ilas -of_objects [get_hw_devices xcu280_u55c_0] -filter {CELL_NAME=~"bbq_inst/ila_1"}]
INFO: [Labtools 27-1964] The ILA core 'hw_ila_1' trigger was armed at 2025-Aug-04 00:38:11
wait_on_hw_ila [get_hw_ilas -of_objects [get_hw_devices xcu280_u55c_0] -filter {CELL_NAME=~"bbq_inst/ila_1"}]
display_hw_ila_data [upload_hw_ila_data [get_hw_ilas -of_objects [get_hw_devices xcu280_u55c_0] -filter {CELL_NAME=~"bbq_inst/ila_1"}]]
INFO: [Labtools 27-1966] The ILA core 'hw_ila_1' triggered at 2025-Aug-04 00:38:11
INFO: [Labtools 27-3304] ILA Waveform data saved to file /home/gabber/FUDAN/workspace/0803_SBM/new/BBQ_BM/BBQ_BM.hw/backup/hw_ila_data_1.ila. Use Tcl command 'read_hw_ila_data' or Vivado File->Import->Import ILA Data menu item to import the previously saved data.
run_hw_ila [get_hw_ilas -of_objects [get_hw_devices xcu280_u55c_0] -filter {CELL_NAME=~"bbq_inst/ila_1"}]
INFO: [Labtools 27-1964] The ILA core 'hw_ila_1' trigger was armed at 2025-Aug-04 00:38:14
wait_on_hw_ila [get_hw_ilas -of_objects [get_hw_devices xcu280_u55c_0] -filter {CELL_NAME=~"bbq_inst/ila_1"}]
display_hw_ila_data [upload_hw_ila_data [get_hw_ilas -of_objects [get_hw_devices xcu280_u55c_0] -filter {CELL_NAME=~"bbq_inst/ila_1"}]]
INFO: [Labtools 27-1966] The ILA core 'hw_ila_1' triggered at 2025-Aug-04 00:38:14
INFO: [Labtools 27-3304] ILA Waveform data saved to file /home/gabber/FUDAN/workspace/0803_SBM/new/BBQ_BM/BBQ_BM.hw/backup/hw_ila_data_1.ila. Use Tcl command 'read_hw_ila_data' or Vivado File->Import->Import ILA Data menu item to import the previously saved data.
run_hw_ila [get_hw_ilas -of_objects [get_hw_devices xcu280_u55c_0] -filter {CELL_NAME=~"bbq_inst/ila_1"}]
INFO: [Labtools 27-1964] The ILA core 'hw_ila_1' trigger was armed at 2025-Aug-04 00:38:18
wait_on_hw_ila [get_hw_ilas -of_objects [get_hw_devices xcu280_u55c_0] -filter {CELL_NAME=~"bbq_inst/ila_1"}]
display_hw_ila_data [upload_hw_ila_data [get_hw_ilas -of_objects [get_hw_devices xcu280_u55c_0] -filter {CELL_NAME=~"bbq_inst/ila_1"}]]
INFO: [Labtools 27-1966] The ILA core 'hw_ila_1' triggered at 2025-Aug-04 00:38:18
INFO: [Labtools 27-3304] ILA Waveform data saved to file /home/gabber/FUDAN/workspace/0803_SBM/new/BBQ_BM/BBQ_BM.hw/backup/hw_ila_data_1.ila. Use Tcl command 'read_hw_ila_data' or Vivado File->Import->Import ILA Data menu item to import the previously saved data.
run_hw_ila [get_hw_ilas -of_objects [get_hw_devices xcu280_u55c_0] -filter {CELL_NAME=~"bbq_inst/ila_1"}]
INFO: [Labtools 27-1964] The ILA core 'hw_ila_1' trigger was armed at 2025-Aug-04 00:38:21
wait_on_hw_ila [get_hw_ilas -of_objects [get_hw_devices xcu280_u55c_0] -filter {CELL_NAME=~"bbq_inst/ila_1"}]
display_hw_ila_data [upload_hw_ila_data [get_hw_ilas -of_objects [get_hw_devices xcu280_u55c_0] -filter {CELL_NAME=~"bbq_inst/ila_1"}]]
INFO: [Labtools 27-1966] The ILA core 'hw_ila_1' triggered at 2025-Aug-04 00:38:21
INFO: [Labtools 27-3304] ILA Waveform data saved to file /home/gabber/FUDAN/workspace/0803_SBM/new/BBQ_BM/BBQ_BM.hw/backup/hw_ila_data_1.ila. Use Tcl command 'read_hw_ila_data' or Vivado File->Import->Import ILA Data menu item to import the previously saved data.
run_hw_ila [get_hw_ilas -of_objects [get_hw_devices xcu280_u55c_0] -filter {CELL_NAME=~"bbq_inst/ila_1"}]
INFO: [Labtools 27-1964] The ILA core 'hw_ila_1' trigger was armed at 2025-Aug-04 00:38:25
wait_on_hw_ila [get_hw_ilas -of_objects [get_hw_devices xcu280_u55c_0] -filter {CELL_NAME=~"bbq_inst/ila_1"}]
display_hw_ila_data [upload_hw_ila_data [get_hw_ilas -of_objects [get_hw_devices xcu280_u55c_0] -filter {CELL_NAME=~"bbq_inst/ila_1"}]]
INFO: [Labtools 27-1966] The ILA core 'hw_ila_1' triggered at 2025-Aug-04 00:38:25
INFO: [Labtools 27-3304] ILA Waveform data saved to file /home/gabber/FUDAN/workspace/0803_SBM/new/BBQ_BM/BBQ_BM.hw/backup/hw_ila_data_1.ila. Use Tcl command 'read_hw_ila_data' or Vivado File->Import->Import ILA Data menu item to import the previously saved data.
run_hw_ila [get_hw_ilas -of_objects [get_hw_devices xcu280_u55c_0] -filter {CELL_NAME=~"bbq_inst/ila_1"}]
INFO: [Labtools 27-1964] The ILA core 'hw_ila_1' trigger was armed at 2025-Aug-04 00:38:28
wait_on_hw_ila [get_hw_ilas -of_objects [get_hw_devices xcu280_u55c_0] -filter {CELL_NAME=~"bbq_inst/ila_1"}]
display_hw_ila_data [upload_hw_ila_data [get_hw_ilas -of_objects [get_hw_devices xcu280_u55c_0] -filter {CELL_NAME=~"bbq_inst/ila_1"}]]
INFO: [Labtools 27-1966] The ILA core 'hw_ila_1' triggered at 2025-Aug-04 00:38:28
INFO: [Labtools 27-3304] ILA Waveform data saved to file /home/gabber/FUDAN/workspace/0803_SBM/new/BBQ_BM/BBQ_BM.hw/backup/hw_ila_data_1.ila. Use Tcl command 'read_hw_ila_data' or Vivado File->Import->Import ILA Data menu item to import the previously saved data.
add_hw_hbm_pc 0 0 [get_hw_hbms localhost:3121/xilinx_tcf/Xilinx/217702027011A/0_1/HBM_1]
run_hw_hbm_amon [get_hw_hbms localhost:3121/xilinx_tcf/Xilinx/217702027011A/0_1/HBM_1]
INFO: [Labtools 27-3451] HBM Activity Monitor data log will be written to: /home/gabber/FUDAN/workspace/0803_SBM/new/BBQ_BM/xcu280_u55c_0_hbm_1_s0.csv
run_hw_ila [get_hw_ilas -of_objects [get_hw_devices xcu280_u55c_0] -filter {CELL_NAME=~"bbq_inst/ila_1"}]
INFO: [Labtools 27-1964] The ILA core 'hw_ila_1' trigger was armed at 2025-Aug-04 00:38:31
wait_on_hw_ila [get_hw_ilas -of_objects [get_hw_devices xcu280_u55c_0] -filter {CELL_NAME=~"bbq_inst/ila_1"}]
display_hw_ila_data [upload_hw_ila_data [get_hw_ilas -of_objects [get_hw_devices xcu280_u55c_0] -filter {CELL_NAME=~"bbq_inst/ila_1"}]]
INFO: [Labtools 27-1966] The ILA core 'hw_ila_1' triggered at 2025-Aug-04 00:38:31
INFO: [Labtools 27-3304] ILA Waveform data saved to file /home/gabber/FUDAN/workspace/0803_SBM/new/BBQ_BM/BBQ_BM.hw/backup/hw_ila_data_1.ila. Use Tcl command 'read_hw_ila_data' or Vivado File->Import->Import ILA Data menu item to import the previously saved data.
run_hw_ila [get_hw_ilas -of_objects [get_hw_devices xcu280_u55c_0] -filter {CELL_NAME=~"bbq_inst/ila_1"}]
INFO: [Labtools 27-1964] The ILA core 'hw_ila_1' trigger was armed at 2025-Aug-04 00:38:35
wait_on_hw_ila [get_hw_ilas -of_objects [get_hw_devices xcu280_u55c_0] -filter {CELL_NAME=~"bbq_inst/ila_1"}]
display_hw_ila_data [upload_hw_ila_data [get_hw_ilas -of_objects [get_hw_devices xcu280_u55c_0] -filter {CELL_NAME=~"bbq_inst/ila_1"}]]
INFO: [Labtools 27-1966] The ILA core 'hw_ila_1' triggered at 2025-Aug-04 00:38:35
INFO: [Labtools 27-3304] ILA Waveform data saved to file /home/gabber/FUDAN/workspace/0803_SBM/new/BBQ_BM/BBQ_BM.hw/backup/hw_ila_data_1.ila. Use Tcl command 'read_hw_ila_data' or Vivado File->Import->Import ILA Data menu item to import the previously saved data.
run_hw_ila [get_hw_ilas -of_objects [get_hw_devices xcu280_u55c_0] -filter {CELL_NAME=~"bbq_inst/ila_1"}]
INFO: [Labtools 27-1964] The ILA core 'hw_ila_1' trigger was armed at 2025-Aug-04 00:38:38
wait_on_hw_ila [get_hw_ilas -of_objects [get_hw_devices xcu280_u55c_0] -filter {CELL_NAME=~"bbq_inst/ila_1"}]
display_hw_ila_data [upload_hw_ila_data [get_hw_ilas -of_objects [get_hw_devices xcu280_u55c_0] -filter {CELL_NAME=~"bbq_inst/ila_1"}]]
INFO: [Labtools 27-1966] The ILA core 'hw_ila_1' triggered at 2025-Aug-04 00:38:38
INFO: [Labtools 27-3304] ILA Waveform data saved to file /home/gabber/FUDAN/workspace/0803_SBM/new/BBQ_BM/BBQ_BM.hw/backup/hw_ila_data_1.ila. Use Tcl command 'read_hw_ila_data' or Vivado File->Import->Import ILA Data menu item to import the previously saved data.
run_hw_ila [get_hw_ilas -of_objects [get_hw_devices xcu280_u55c_0] -filter {CELL_NAME=~"bbq_inst/ila_1"}]
INFO: [Labtools 27-1964] The ILA core 'hw_ila_1' trigger was armed at 2025-Aug-04 00:38:41
wait_on_hw_ila [get_hw_ilas -of_objects [get_hw_devices xcu280_u55c_0] -filter {CELL_NAME=~"bbq_inst/ila_1"}]
display_hw_ila_data [upload_hw_ila_data [get_hw_ilas -of_objects [get_hw_devices xcu280_u55c_0] -filter {CELL_NAME=~"bbq_inst/ila_1"}]]
INFO: [Labtools 27-1966] The ILA core 'hw_ila_1' triggered at 2025-Aug-04 00:38:41
INFO: [Labtools 27-3304] ILA Waveform data saved to file /home/gabber/FUDAN/workspace/0803_SBM/new/BBQ_BM/BBQ_BM.hw/backup/hw_ila_data_1.ila. Use Tcl command 'read_hw_ila_data' or Vivado File->Import->Import ILA Data menu item to import the previously saved data.
run_hw_ila [get_hw_ilas -of_objects [get_hw_devices xcu280_u55c_0] -filter {CELL_NAME=~"bbq_inst/ila_1"}]
INFO: [Labtools 27-1964] The ILA core 'hw_ila_1' trigger was armed at 2025-Aug-04 00:38:45
wait_on_hw_ila [get_hw_ilas -of_objects [get_hw_devices xcu280_u55c_0] -filter {CELL_NAME=~"bbq_inst/ila_1"}]
display_hw_ila_data [upload_hw_ila_data [get_hw_ilas -of_objects [get_hw_devices xcu280_u55c_0] -filter {CELL_NAME=~"bbq_inst/ila_1"}]]
INFO: [Labtools 27-1966] The ILA core 'hw_ila_1' triggered at 2025-Aug-04 00:38:45
INFO: [Labtools 27-3304] ILA Waveform data saved to file /home/gabber/FUDAN/workspace/0803_SBM/new/BBQ_BM/BBQ_BM.hw/backup/hw_ila_data_1.ila. Use Tcl command 'read_hw_ila_data' or Vivado File->Import->Import ILA Data menu item to import the previously saved data.
run_hw_ila [get_hw_ilas -of_objects [get_hw_devices xcu280_u55c_0] -filter {CELL_NAME=~"bbq_inst/ila_1"}]
INFO: [Labtools 27-1964] The ILA core 'hw_ila_1' trigger was armed at 2025-Aug-04 00:38:48
run_hw_ila [get_hw_ilas -of_objects [get_hw_devices xcu280_u55c_0] -filter {CELL_NAME=~"nolabel_line113"}]
INFO: [Labtools 27-1964] The ILA core 'hw_ila_2' trigger was armed at 2025-Aug-04 00:38:48
wait_on_hw_ila [get_hw_ilas -of_objects [get_hw_devices xcu280_u55c_0] -filter {CELL_NAME=~"bbq_inst/ila_1"}]\
  [get_hw_ilas -of_objects [get_hw_devices xcu280_u55c_0] -filter {CELL_NAME=~"nolabel_line113"}]
display_hw_ila_data [upload_hw_ila_data [get_hw_ilas -of_objects [get_hw_devices xcu280_u55c_0] -filter {CELL_NAME=~"bbq_inst/ila_1"}]]
INFO: [Labtools 27-1966] The ILA core 'hw_ila_1' triggered at 2025-Aug-04 00:38:48
INFO: [Labtools 27-3304] ILA Waveform data saved to file /home/gabber/FUDAN/workspace/0803_SBM/new/BBQ_BM/BBQ_BM.hw/backup/hw_ila_data_1.ila. Use Tcl command 'read_hw_ila_data' or Vivado File->Import->Import ILA Data menu item to import the previously saved data.
display_hw_ila_data [upload_hw_ila_data [get_hw_ilas -of_objects [get_hw_devices xcu280_u55c_0] -filter {CELL_NAME=~"nolabel_line113"}]]
INFO: [Labtools 27-1966] The ILA core 'hw_ila_2' triggered at 2025-Aug-04 00:38:48
INFO: [Labtools 27-3304] ILA Waveform data saved to file /home/gabber/FUDAN/workspace/0803_SBM/new/BBQ_BM/BBQ_BM.hw/backup/hw_ila_data_2.ila. Use Tcl command 'read_hw_ila_data' or Vivado File->Import->Import ILA Data menu item to import the previously saved data.
run_hw_ila [get_hw_ilas -of_objects [get_hw_devices xcu280_u55c_0] -filter {CELL_NAME=~"bbq_inst/ila_1"}]\
   [get_hw_ilas -of_objects [get_hw_devices xcu280_u55c_0] -filter {CELL_NAME=~"nolabel_line113"}]
INFO: [Labtools 27-1964] The ILA core 'hw_ila_1' trigger was armed at 2025-Aug-04 00:38:51
INFO: [Labtools 27-1964] The ILA core 'hw_ila_2' trigger was armed at 2025-Aug-04 00:38:51
wait_on_hw_ila [get_hw_ilas -of_objects [get_hw_devices xcu280_u55c_0] -filter {CELL_NAME=~"bbq_inst/ila_1"}]\
  [get_hw_ilas -of_objects [get_hw_devices xcu280_u55c_0] -filter {CELL_NAME=~"nolabel_line113"}]
display_hw_ila_data [upload_hw_ila_data [get_hw_ilas -of_objects [get_hw_devices xcu280_u55c_0] -filter {CELL_NAME=~"bbq_inst/ila_1"}]]
INFO: [Labtools 27-1966] The ILA core 'hw_ila_1' triggered at 2025-Aug-04 00:38:51
INFO: [Labtools 27-3304] ILA Waveform data saved to file /home/gabber/FUDAN/workspace/0803_SBM/new/BBQ_BM/BBQ_BM.hw/backup/hw_ila_data_1.ila. Use Tcl command 'read_hw_ila_data' or Vivado File->Import->Import ILA Data menu item to import the previously saved data.
display_hw_ila_data [upload_hw_ila_data [get_hw_ilas -of_objects [get_hw_devices xcu280_u55c_0] -filter {CELL_NAME=~"nolabel_line113"}]]
INFO: [Labtools 27-1966] The ILA core 'hw_ila_2' triggered at 2025-Aug-04 00:38:51
INFO: [Labtools 27-3304] ILA Waveform data saved to file /home/gabber/FUDAN/workspace/0803_SBM/new/BBQ_BM/BBQ_BM.hw/backup/hw_ila_data_2.ila. Use Tcl command 'read_hw_ila_data' or Vivado File->Import->Import ILA Data menu item to import the previously saved data.
run_hw_ila [get_hw_ilas -of_objects [get_hw_devices xcu280_u55c_0] -filter {CELL_NAME=~"bbq_inst/ila_1"}]\
   [get_hw_ilas -of_objects [get_hw_devices xcu280_u55c_0] -filter {CELL_NAME=~"nolabel_line113"}]
INFO: [Labtools 27-1964] The ILA core 'hw_ila_1' trigger was armed at 2025-Aug-04 00:38:55
INFO: [Labtools 27-1964] The ILA core 'hw_ila_2' trigger was armed at 2025-Aug-04 00:38:55
wait_on_hw_ila [get_hw_ilas -of_objects [get_hw_devices xcu280_u55c_0] -filter {CELL_NAME=~"bbq_inst/ila_1"}]\
  [get_hw_ilas -of_objects [get_hw_devices xcu280_u55c_0] -filter {CELL_NAME=~"nolabel_line113"}]
display_hw_ila_data [upload_hw_ila_data [get_hw_ilas -of_objects [get_hw_devices xcu280_u55c_0] -filter {CELL_NAME=~"bbq_inst/ila_1"}]]
INFO: [Labtools 27-1966] The ILA core 'hw_ila_1' triggered at 2025-Aug-04 00:38:55
INFO: [Labtools 27-3304] ILA Waveform data saved to file /home/gabber/FUDAN/workspace/0803_SBM/new/BBQ_BM/BBQ_BM.hw/backup/hw_ila_data_1.ila. Use Tcl command 'read_hw_ila_data' or Vivado File->Import->Import ILA Data menu item to import the previously saved data.
display_hw_ila_data [upload_hw_ila_data [get_hw_ilas -of_objects [get_hw_devices xcu280_u55c_0] -filter {CELL_NAME=~"nolabel_line113"}]]
INFO: [Labtools 27-1966] The ILA core 'hw_ila_2' triggered at 2025-Aug-04 00:38:55
INFO: [Labtools 27-3304] ILA Waveform data saved to file /home/gabber/FUDAN/workspace/0803_SBM/new/BBQ_BM/BBQ_BM.hw/backup/hw_ila_data_2.ila. Use Tcl command 'read_hw_ila_data' or Vivado File->Import->Import ILA Data menu item to import the previously saved data.
run_hw_ila [get_hw_ilas -of_objects [get_hw_devices xcu280_u55c_0] -filter {CELL_NAME=~"bbq_inst/ila_1"}]\
   [get_hw_ilas -of_objects [get_hw_devices xcu280_u55c_0] -filter {CELL_NAME=~"nolabel_line113"}]
INFO: [Labtools 27-1964] The ILA core 'hw_ila_1' trigger was armed at 2025-Aug-04 00:38:58
INFO: [Labtools 27-1964] The ILA core 'hw_ila_2' trigger was armed at 2025-Aug-04 00:38:58
wait_on_hw_ila [get_hw_ilas -of_objects [get_hw_devices xcu280_u55c_0] -filter {CELL_NAME=~"bbq_inst/ila_1"}]\
  [get_hw_ilas -of_objects [get_hw_devices xcu280_u55c_0] -filter {CELL_NAME=~"nolabel_line113"}]
display_hw_ila_data [upload_hw_ila_data [get_hw_ilas -of_objects [get_hw_devices xcu280_u55c_0] -filter {CELL_NAME=~"bbq_inst/ila_1"}]]
INFO: [Labtools 27-1966] The ILA core 'hw_ila_1' triggered at 2025-Aug-04 00:38:58
INFO: [Labtools 27-3304] ILA Waveform data saved to file /home/gabber/FUDAN/workspace/0803_SBM/new/BBQ_BM/BBQ_BM.hw/backup/hw_ila_data_1.ila. Use Tcl command 'read_hw_ila_data' or Vivado File->Import->Import ILA Data menu item to import the previously saved data.
display_hw_ila_data [upload_hw_ila_data [get_hw_ilas -of_objects [get_hw_devices xcu280_u55c_0] -filter {CELL_NAME=~"nolabel_line113"}]]
INFO: [Labtools 27-1966] The ILA core 'hw_ila_2' triggered at 2025-Aug-04 00:38:58
INFO: [Labtools 27-3304] ILA Waveform data saved to file /home/gabber/FUDAN/workspace/0803_SBM/new/BBQ_BM/BBQ_BM.hw/backup/hw_ila_data_2.ila. Use Tcl command 'read_hw_ila_data' or Vivado File->Import->Import ILA Data menu item to import the previously saved data.
run_hw_ila [get_hw_ilas -of_objects [get_hw_devices xcu280_u55c_0] -filter {CELL_NAME=~"bbq_inst/ila_1"}]\
   [get_hw_ilas -of_objects [get_hw_devices xcu280_u55c_0] -filter {CELL_NAME=~"nolabel_line113"}]
INFO: [Labtools 27-1964] The ILA core 'hw_ila_1' trigger was armed at 2025-Aug-04 00:39:01
INFO: [Labtools 27-1964] The ILA core 'hw_ila_2' trigger was armed at 2025-Aug-04 00:39:01
wait_on_hw_ila [get_hw_ilas -of_objects [get_hw_devices xcu280_u55c_0] -filter {CELL_NAME=~"bbq_inst/ila_1"}]\
  [get_hw_ilas -of_objects [get_hw_devices xcu280_u55c_0] -filter {CELL_NAME=~"nolabel_line113"}]
display_hw_ila_data [upload_hw_ila_data [get_hw_ilas -of_objects [get_hw_devices xcu280_u55c_0] -filter {CELL_NAME=~"bbq_inst/ila_1"}]]
INFO: [Labtools 27-1966] The ILA core 'hw_ila_1' triggered at 2025-Aug-04 00:39:01
INFO: [Labtools 27-3304] ILA Waveform data saved to file /home/gabber/FUDAN/workspace/0803_SBM/new/BBQ_BM/BBQ_BM.hw/backup/hw_ila_data_1.ila. Use Tcl command 'read_hw_ila_data' or Vivado File->Import->Import ILA Data menu item to import the previously saved data.
display_hw_ila_data [upload_hw_ila_data [get_hw_ilas -of_objects [get_hw_devices xcu280_u55c_0] -filter {CELL_NAME=~"nolabel_line113"}]]
INFO: [Labtools 27-1966] The ILA core 'hw_ila_2' triggered at 2025-Aug-04 00:39:01
INFO: [Labtools 27-3304] ILA Waveform data saved to file /home/gabber/FUDAN/workspace/0803_SBM/new/BBQ_BM/BBQ_BM.hw/backup/hw_ila_data_2.ila. Use Tcl command 'read_hw_ila_data' or Vivado File->Import->Import ILA Data menu item to import the previously saved data.
save_wave_config {/home/gabber/FUDAN/workspace/0803_SBM/new/BBQ_BM/BBQ_BM.hw/hw_1/wave/hw_ila_data_1/hw_ila_data_1.wcfg}
save_wave_config {/home/gabber/FUDAN/workspace/0803_SBM/new/BBQ_BM/BBQ_BM.hw/hw_1/wave/hw_ila_data_2/hw_ila_data_2.wcfg}
close_hw_manager
reset_run synth_1
launch_runs impl_1 -to_step write_bitstream -jobs 8
INFO: [Vivado 12-4149] The synthesis checkpoint for IP '/home/gabber/FUDAN/workspace/0803_SBM/new/BBQ_BM/BBQ_BM.srcs/sources_1/ip/hbm_0/hbm_0.xci' is already up-to-date
INFO: [Vivado 12-4149] The synthesis checkpoint for IP '/home/gabber/FUDAN/workspace/0803_SBM/new/BBQ_BM/BBQ_BM.srcs/sources_1/ip/fifo_generator_0/fifo_generator_0.xci' is already up-to-date
INFO: [Vivado 12-4149] The synthesis checkpoint for IP '/home/gabber/FUDAN/workspace/0803_SBM/new/BBQ_BM/BBQ_BM.srcs/sources_1/ip/blk_mem_gen_1/blk_mem_gen_1.xci' is already up-to-date
INFO: [Vivado 12-4149] The synthesis checkpoint for IP '/home/gabber/FUDAN/workspace/0803_SBM/new/BBQ_BM/BBQ_BM.srcs/sources_1/ip/blk_mem_gen_0/blk_mem_gen_0.xci' is already up-to-date
[Mon Aug  4 17:59:49 2025] Launched synth_1...
Run output will be captured here: /home/gabber/FUDAN/workspace/0803_SBM/new/BBQ_BM/BBQ_BM.runs/synth_1/runme.log
[Mon Aug  4 17:59:49 2025] Launched impl_1...
Run output will be captured here: /home/gabber/FUDAN/workspace/0803_SBM/new/BBQ_BM/BBQ_BM.runs/impl_1/runme.log
reset_run synth_1
launch_runs impl_1 -to_step write_bitstream -jobs 8
INFO: [Vivado 12-4149] The synthesis checkpoint for IP '/home/gabber/FUDAN/workspace/0803_SBM/new/BBQ_BM/BBQ_BM.srcs/sources_1/ip/hbm_0/hbm_0.xci' is already up-to-date
INFO: [Vivado 12-4149] The synthesis checkpoint for IP '/home/gabber/FUDAN/workspace/0803_SBM/new/BBQ_BM/BBQ_BM.srcs/sources_1/ip/fifo_generator_0/fifo_generator_0.xci' is already up-to-date
INFO: [Vivado 12-4149] The synthesis checkpoint for IP '/home/gabber/FUDAN/workspace/0803_SBM/new/BBQ_BM/BBQ_BM.srcs/sources_1/ip/blk_mem_gen_1/blk_mem_gen_1.xci' is already up-to-date
INFO: [Vivado 12-4149] The synthesis checkpoint for IP '/home/gabber/FUDAN/workspace/0803_SBM/new/BBQ_BM/BBQ_BM.srcs/sources_1/ip/blk_mem_gen_0/blk_mem_gen_0.xci' is already up-to-date
[Mon Aug  4 18:12:37 2025] Launched synth_1...
Run output will be captured here: /home/gabber/FUDAN/workspace/0803_SBM/new/BBQ_BM/BBQ_BM.runs/synth_1/runme.log
[Mon Aug  4 18:12:37 2025] Launched impl_1...
Run output will be captured here: /home/gabber/FUDAN/workspace/0803_SBM/new/BBQ_BM/BBQ_BM.runs/impl_1/runme.log
reset_run synth_1
launch_runs impl_1 -to_step write_bitstream -jobs 8
INFO: [Vivado 12-4149] The synthesis checkpoint for IP '/home/gabber/FUDAN/workspace/0803_SBM/new/BBQ_BM/BBQ_BM.srcs/sources_1/ip/hbm_0/hbm_0.xci' is already up-to-date
INFO: [Vivado 12-4149] The synthesis checkpoint for IP '/home/gabber/FUDAN/workspace/0803_SBM/new/BBQ_BM/BBQ_BM.srcs/sources_1/ip/fifo_generator_0/fifo_generator_0.xci' is already up-to-date
INFO: [Vivado 12-4149] The synthesis checkpoint for IP '/home/gabber/FUDAN/workspace/0803_SBM/new/BBQ_BM/BBQ_BM.srcs/sources_1/ip/blk_mem_gen_1/blk_mem_gen_1.xci' is already up-to-date
INFO: [Vivado 12-4149] The synthesis checkpoint for IP '/home/gabber/FUDAN/workspace/0803_SBM/new/BBQ_BM/BBQ_BM.srcs/sources_1/ip/blk_mem_gen_0/blk_mem_gen_0.xci' is already up-to-date
[Mon Aug  4 18:22:02 2025] Launched synth_1...
Run output will be captured here: /home/gabber/FUDAN/workspace/0803_SBM/new/BBQ_BM/BBQ_BM.runs/synth_1/runme.log
[Mon Aug  4 18:22:02 2025] Launched impl_1...
Run output will be captured here: /home/gabber/FUDAN/workspace/0803_SBM/new/BBQ_BM/BBQ_BM.runs/impl_1/runme.log
reset_run synth_1
launch_runs impl_1 -to_step write_bitstream -jobs 8
INFO: [Vivado 12-4149] The synthesis checkpoint for IP '/home/gabber/FUDAN/workspace/0803_SBM/new/BBQ_BM/BBQ_BM.srcs/sources_1/ip/hbm_0/hbm_0.xci' is already up-to-date
INFO: [Vivado 12-4149] The synthesis checkpoint for IP '/home/gabber/FUDAN/workspace/0803_SBM/new/BBQ_BM/BBQ_BM.srcs/sources_1/ip/fifo_generator_0/fifo_generator_0.xci' is already up-to-date
INFO: [Vivado 12-4149] The synthesis checkpoint for IP '/home/gabber/FUDAN/workspace/0803_SBM/new/BBQ_BM/BBQ_BM.srcs/sources_1/ip/blk_mem_gen_1/blk_mem_gen_1.xci' is already up-to-date
INFO: [Vivado 12-4149] The synthesis checkpoint for IP '/home/gabber/FUDAN/workspace/0803_SBM/new/BBQ_BM/BBQ_BM.srcs/sources_1/ip/blk_mem_gen_0/blk_mem_gen_0.xci' is already up-to-date
[Mon Aug  4 19:22:19 2025] Launched synth_1...
Run output will be captured here: /home/gabber/FUDAN/workspace/0803_SBM/new/BBQ_BM/BBQ_BM.runs/synth_1/runme.log
[Mon Aug  4 19:22:19 2025] Launched impl_1...
Run output will be captured here: /home/gabber/FUDAN/workspace/0803_SBM/new/BBQ_BM/BBQ_BM.runs/impl_1/runme.log
reset_run synth_1
launch_runs impl_1 -to_step write_bitstream -jobs 8
INFO: [Vivado 12-4149] The synthesis checkpoint for IP '/home/gabber/FUDAN/workspace/0803_SBM/new/BBQ_BM/BBQ_BM.srcs/sources_1/ip/hbm_0/hbm_0.xci' is already up-to-date
INFO: [Vivado 12-4149] The synthesis checkpoint for IP '/home/gabber/FUDAN/workspace/0803_SBM/new/BBQ_BM/BBQ_BM.srcs/sources_1/ip/fifo_generator_0/fifo_generator_0.xci' is already up-to-date
INFO: [Vivado 12-4149] The synthesis checkpoint for IP '/home/gabber/FUDAN/workspace/0803_SBM/new/BBQ_BM/BBQ_BM.srcs/sources_1/ip/blk_mem_gen_1/blk_mem_gen_1.xci' is already up-to-date
INFO: [Vivado 12-4149] The synthesis checkpoint for IP '/home/gabber/FUDAN/workspace/0803_SBM/new/BBQ_BM/BBQ_BM.srcs/sources_1/ip/blk_mem_gen_0/blk_mem_gen_0.xci' is already up-to-date
[Mon Aug  4 19:30:43 2025] Launched synth_1...
Run output will be captured here: /home/gabber/FUDAN/workspace/0803_SBM/new/BBQ_BM/BBQ_BM.runs/synth_1/runme.log
[Mon Aug  4 19:30:43 2025] Launched impl_1...
Run output will be captured here: /home/gabber/FUDAN/workspace/0803_SBM/new/BBQ_BM/BBQ_BM.runs/impl_1/runme.log
open_hw_manager
connect_hw_server -allow_non_jtag
INFO: [Labtools 27-2285] Connecting to hw_server url TCP:localhost:3121
INFO: [Labtools 27-2222] Launching hw_server...
INFO: [Labtools 27-2221] Launch Output:

****** Xilinx hw_server v2020.2
  **** Build date : Nov 18 2020 at 09:50:49
    ** Copyright 1986-2020 Xilinx, Inc. All Rights Reserved.


INFO: [Labtools 27-3415] Connecting to cs_server url TCP:localhost:3042
INFO: [Labtools 27-3417] Launching cs_server...
INFO: [Labtools 27-2221] Launch Output:


******** Xilinx cs_server v2020.2
  ****** Build date   : Nov 04 2020-05:02:56
    **** Build number : 2020.2.1604437376
      ** Copyright 2017-2020 Xilinx, Inc. All Rights Reserved.



open_hw_target
INFO: [Labtoolstcl 44-466] Opening hw_target localhost:3121/xilinx_tcf/Xilinx/217702027011A
set_property PROGRAM.FILE {/home/gabber/FUDAN/workspace/0803_SBM/new/BBQ_BM/BBQ_BM.runs/impl_1/top.bit} [get_hw_devices xcu280_u55c_0]
set_property PROBES.FILE {/home/gabber/FUDAN/workspace/0803_SBM/new/BBQ_BM/BBQ_BM.runs/impl_1/top.ltx} [get_hw_devices xcu280_u55c_0]
set_property FULL_PROBES.FILE {/home/gabber/FUDAN/workspace/0803_SBM/new/BBQ_BM/BBQ_BM.runs/impl_1/top.ltx} [get_hw_devices xcu280_u55c_0]
current_hw_device [get_hw_devices xcu280_u55c_0]
refresh_hw_device [lindex [get_hw_devices xcu280_u55c_0] 0]
INFO: [Labtools 27-2302] Device xcu280_u55c (JTAG device index = 0) is programmed with a design that has 1 HBM core(s).
INFO: [Labtools 27-2302] Device xcu280_u55c (JTAG device index = 0) is programmed with a design that has 2 ILA core(s).
WARNING: [Labtools 27-3413] Dropping logic core with cellname:'nolabel_line120' at location 'uuid_23173E0B3ABF56B98916F265641DEF54' from probes file, since it cannot be found on the programmed device.
WARNING: [Labtools 27-1974] Mismatch between the design programmed into the device xcu280_u55c_0 and the probes file(s) /home/gabber/FUDAN/workspace/0803_SBM/new/BBQ_BM/BBQ_BM.runs/impl_1/top.ltx.
The device design has 2 ILA core(s) and 0 VIO core(s). 1 ILA core(s) and 0 VIO core(s) are matched in the probes file(s).
Resolution: 
1. Reprogram device with the correct programming file and associated probes file(s) OR
2. Goto device properties and associate the correct probes file(s) with the programming file already programmed in the device.
set_property PROBES.FILE {/home/gabber/FUDAN/workspace/0803_SBM/new/BBQ_BM/BBQ_BM.runs/impl_1/top.ltx} [get_hw_devices xcu280_u55c_0]
set_property FULL_PROBES.FILE {/home/gabber/FUDAN/workspace/0803_SBM/new/BBQ_BM/BBQ_BM.runs/impl_1/top.ltx} [get_hw_devices xcu280_u55c_0]
set_property PROGRAM.FILE {/home/gabber/FUDAN/workspace/0803_SBM/new/BBQ_BM/BBQ_BM.runs/impl_1/top.bit} [get_hw_devices xcu280_u55c_0]
program_hw_devices [get_hw_devices xcu280_u55c_0]
INFO: [Labtools 27-3164] End of startup status: HIGH
program_hw_devices: Time (s): cpu = 00:00:49 ; elapsed = 00:00:48 . Memory (MB): peak = 10013.414 ; gain = 0.000 ; free physical = 17745 ; free virtual = 56511
refresh_hw_device [lindex [get_hw_devices xcu280_u55c_0] 0]
INFO: [Labtools 27-2302] Device xcu280_u55c (JTAG device index = 0) is programmed with a design that has 1 HBM core(s).
INFO: [Labtools 27-2302] Device xcu280_u55c (JTAG device index = 0) is programmed with a design that has 2 ILA core(s).
display_hw_ila_data [ get_hw_ila_data hw_ila_data_1 -of_objects [get_hw_ilas -of_objects [get_hw_devices xcu280_u55c_0] -filter {CELL_NAME=~"bbq_inst/ila_1"}]]
display_hw_ila_data [ get_hw_ila_data hw_ila_data_2 -of_objects [get_hw_ilas -of_objects [get_hw_devices xcu280_u55c_0] -filter {CELL_NAME=~"nolabel_line120"}]]
run_hw_ila [get_hw_ilas -of_objects [get_hw_devices xcu280_u55c_0] -filter {CELL_NAME=~"bbq_inst/ila_1"}]
INFO: [Labtools 27-1964] The ILA core 'hw_ila_1' trigger was armed at 2025-Aug-04 20:09:59
wait_on_hw_ila [get_hw_ilas -of_objects [get_hw_devices xcu280_u55c_0] -filter {CELL_NAME=~"bbq_inst/ila_1"}]
display_hw_ila_data [upload_hw_ila_data [get_hw_ilas -of_objects [get_hw_devices xcu280_u55c_0] -filter {CELL_NAME=~"bbq_inst/ila_1"}]]
INFO: [Labtools 27-1966] The ILA core 'hw_ila_1' triggered at 2025-Aug-04 20:09:59
INFO: [Labtools 27-3304] ILA Waveform data saved to file /home/gabber/FUDAN/workspace/0803_SBM/new/BBQ_BM/BBQ_BM.hw/backup/hw_ila_data_1.ila. Use Tcl command 'read_hw_ila_data' or Vivado File->Import->Import ILA Data menu item to import the previously saved data.
run_hw_ila [get_hw_ilas -of_objects [get_hw_devices xcu280_u55c_0] -filter {CELL_NAME=~"bbq_inst/ila_1"}]
INFO: [Labtools 27-1964] The ILA core 'hw_ila_1' trigger was armed at 2025-Aug-04 20:10:02
wait_on_hw_ila [get_hw_ilas -of_objects [get_hw_devices xcu280_u55c_0] -filter {CELL_NAME=~"bbq_inst/ila_1"}]
display_hw_ila_data [upload_hw_ila_data [get_hw_ilas -of_objects [get_hw_devices xcu280_u55c_0] -filter {CELL_NAME=~"bbq_inst/ila_1"}]]
INFO: [Labtools 27-1966] The ILA core 'hw_ila_1' triggered at 2025-Aug-04 20:10:02
INFO: [Labtools 27-3304] ILA Waveform data saved to file /home/gabber/FUDAN/workspace/0803_SBM/new/BBQ_BM/BBQ_BM.hw/backup/hw_ila_data_1.ila. Use Tcl command 'read_hw_ila_data' or Vivado File->Import->Import ILA Data menu item to import the previously saved data.
run_hw_ila [get_hw_ilas -of_objects [get_hw_devices xcu280_u55c_0] -filter {CELL_NAME=~"nolabel_line120"}]
INFO: [Labtools 27-1964] The ILA core 'hw_ila_2' trigger was armed at 2025-Aug-04 20:10:14
wait_on_hw_ila [get_hw_ilas -of_objects [get_hw_devices xcu280_u55c_0] -filter {CELL_NAME=~"nolabel_line120"}]
display_hw_ila_data [upload_hw_ila_data [get_hw_ilas -of_objects [get_hw_devices xcu280_u55c_0] -filter {CELL_NAME=~"nolabel_line120"}]]
INFO: [Labtools 27-1966] The ILA core 'hw_ila_2' triggered at 2025-Aug-04 20:10:14
INFO: [Labtools 27-3304] ILA Waveform data saved to file /home/gabber/FUDAN/workspace/0803_SBM/new/BBQ_BM/BBQ_BM.hw/backup/hw_ila_data_2.ila. Use Tcl command 'read_hw_ila_data' or Vivado File->Import->Import ILA Data menu item to import the previously saved data.
run_hw_ila [get_hw_ilas -of_objects [get_hw_devices xcu280_u55c_0] -filter {CELL_NAME=~"nolabel_line120"}]
INFO: [Labtools 27-1964] The ILA core 'hw_ila_2' trigger was armed at 2025-Aug-04 20:10:17
wait_on_hw_ila [get_hw_ilas -of_objects [get_hw_devices xcu280_u55c_0] -filter {CELL_NAME=~"nolabel_line120"}]
display_hw_ila_data [upload_hw_ila_data [get_hw_ilas -of_objects [get_hw_devices xcu280_u55c_0] -filter {CELL_NAME=~"nolabel_line120"}]]
INFO: [Labtools 27-1966] The ILA core 'hw_ila_2' triggered at 2025-Aug-04 20:10:17
INFO: [Labtools 27-3304] ILA Waveform data saved to file /home/gabber/FUDAN/workspace/0803_SBM/new/BBQ_BM/BBQ_BM.hw/backup/hw_ila_data_2.ila. Use Tcl command 'read_hw_ila_data' or Vivado File->Import->Import ILA Data menu item to import the previously saved data.
run_hw_ila [get_hw_ilas -of_objects [get_hw_devices xcu280_u55c_0] -filter {CELL_NAME=~"nolabel_line120"}]
INFO: [Labtools 27-1964] The ILA core 'hw_ila_2' trigger was armed at 2025-Aug-04 20:10:30
wait_on_hw_ila [get_hw_ilas -of_objects [get_hw_devices xcu280_u55c_0] -filter {CELL_NAME=~"nolabel_line120"}]
display_hw_ila_data [upload_hw_ila_data [get_hw_ilas -of_objects [get_hw_devices xcu280_u55c_0] -filter {CELL_NAME=~"nolabel_line120"}]]
INFO: [Labtools 27-1966] The ILA core 'hw_ila_2' triggered at 2025-Aug-04 20:10:30
INFO: [Labtools 27-3304] ILA Waveform data saved to file /home/gabber/FUDAN/workspace/0803_SBM/new/BBQ_BM/BBQ_BM.hw/backup/hw_ila_data_2.ila. Use Tcl command 'read_hw_ila_data' or Vivado File->Import->Import ILA Data menu item to import the previously saved data.
run_hw_ila [get_hw_ilas -of_objects [get_hw_devices xcu280_u55c_0] -filter {CELL_NAME=~"nolabel_line120"}]
INFO: [Labtools 27-1964] The ILA core 'hw_ila_2' trigger was armed at 2025-Aug-04 20:10:34
wait_on_hw_ila [get_hw_ilas -of_objects [get_hw_devices xcu280_u55c_0] -filter {CELL_NAME=~"nolabel_line120"}]
display_hw_ila_data [upload_hw_ila_data [get_hw_ilas -of_objects [get_hw_devices xcu280_u55c_0] -filter {CELL_NAME=~"nolabel_line120"}]]
INFO: [Labtools 27-1966] The ILA core 'hw_ila_2' triggered at 2025-Aug-04 20:10:34
INFO: [Labtools 27-3304] ILA Waveform data saved to file /home/gabber/FUDAN/workspace/0803_SBM/new/BBQ_BM/BBQ_BM.hw/backup/hw_ila_data_2.ila. Use Tcl command 'read_hw_ila_data' or Vivado File->Import->Import ILA Data menu item to import the previously saved data.
run_hw_ila [get_hw_ilas -of_objects [get_hw_devices xcu280_u55c_0] -filter {CELL_NAME=~"nolabel_line120"}]
INFO: [Labtools 27-1964] The ILA core 'hw_ila_2' trigger was armed at 2025-Aug-04 20:10:37
wait_on_hw_ila [get_hw_ilas -of_objects [get_hw_devices xcu280_u55c_0] -filter {CELL_NAME=~"nolabel_line120"}]
display_hw_ila_data [upload_hw_ila_data [get_hw_ilas -of_objects [get_hw_devices xcu280_u55c_0] -filter {CELL_NAME=~"nolabel_line120"}]]
INFO: [Labtools 27-1966] The ILA core 'hw_ila_2' triggered at 2025-Aug-04 20:10:37
INFO: [Labtools 27-3304] ILA Waveform data saved to file /home/gabber/FUDAN/workspace/0803_SBM/new/BBQ_BM/BBQ_BM.hw/backup/hw_ila_data_2.ila. Use Tcl command 'read_hw_ila_data' or Vivado File->Import->Import ILA Data menu item to import the previously saved data.
save_wave_config {/home/gabber/FUDAN/workspace/0803_SBM/new/BBQ_BM/BBQ_BM.hw/hw_1/wave/hw_ila_data_1/hw_ila_data_1.wcfg}
save_wave_config {/home/gabber/FUDAN/workspace/0803_SBM/new/BBQ_BM/BBQ_BM.hw/hw_1/wave/hw_ila_data_2/hw_ila_data_2.wcfg}
close_hw_manager
WARNING: [IP_Flow 19-4067] Ignoring invalid widget type specified checkbox.Providing a default widget
set_property -dict [list CONFIG.C_PROBE1_WIDTH {3}] [get_ips ila_0]
generate_target all [get_files  /home/gabber/FUDAN/workspace/0803_SBM/new/BBQ_BM/BBQ_BM.srcs/sources_1/ip/ila_0/ila_0.xci]
INFO: [IP_Flow 19-1686] Generating 'Instantiation Template' target for IP 'ila_0'...
INFO: [IP_Flow 19-1686] Generating 'Synthesis' target for IP 'ila_0'...
WARNING: [IP_Flow 19-4994] Overwriting existing constraint file '/home/gabber/FUDAN/workspace/0803_SBM/new/BBQ_BM/BBQ_BM.gen/sources_1/ip/ila_0/ila_0_ooc.xdc'
INFO: [IP_Flow 19-1686] Generating 'Simulation' target for IP 'ila_0'...
INFO: [IP_Flow 19-1686] Generating 'Implementation' target for IP 'ila_0'...
INFO: [IP_Flow 19-1686] Generating 'Change Log' target for IP 'ila_0'...
catch { config_ip_cache -export [get_ips -all ila_0] }
export_ip_user_files -of_objects [get_files /home/gabber/FUDAN/workspace/0803_SBM/new/BBQ_BM/BBQ_BM.srcs/sources_1/ip/ila_0/ila_0.xci] -no_script -sync -force -quiet
reset_run ila_0_synth_1
launch_runs ila_0_synth_1 -jobs 8
[Mon Aug  4 20:11:28 2025] Launched ila_0_synth_1...
Run output will be captured here: /home/gabber/FUDAN/workspace/0803_SBM/new/BBQ_BM/BBQ_BM.runs/ila_0_synth_1/runme.log
export_simulation -of_objects [get_files /home/gabber/FUDAN/workspace/0803_SBM/new/BBQ_BM/BBQ_BM.srcs/sources_1/ip/ila_0/ila_0.xci] -directory /home/gabber/FUDAN/workspace/0803_SBM/new/BBQ_BM/BBQ_BM.ip_user_files/sim_scripts -ip_user_files_dir /home/gabber/FUDAN/workspace/0803_SBM/new/BBQ_BM/BBQ_BM.ip_user_files -ipstatic_source_dir /home/gabber/FUDAN/workspace/0803_SBM/new/BBQ_BM/BBQ_BM.ip_user_files/ipstatic -lib_map_path [list {modelsim=/home/gabber/FUDAN/workspace/0803_SBM/new/BBQ_BM/BBQ_BM.cache/compile_simlib/modelsim} {questa=/home/gabber/FUDAN/workspace/0803_SBM/new/BBQ_BM/BBQ_BM.cache/compile_simlib/questa} {ies=/home/gabber/FUDAN/workspace/0803_SBM/new/BBQ_BM/BBQ_BM.cache/compile_simlib/ies} {xcelium=/home/gabber/FUDAN/workspace/0803_SBM/new/BBQ_BM/BBQ_BM.cache/compile_simlib/xcelium} {vcs=/home/gabber/FUDAN/workspace/0803_SBM/new/BBQ_BM/BBQ_BM.cache/compile_simlib/vcs} {riviera=/home/gabber/FUDAN/workspace/0803_SBM/new/BBQ_BM/BBQ_BM.cache/compile_simlib/riviera}] -use_ip_compiled_libs -force -quiet
open_hw_manager
connect_hw_server -allow_non_jtag
INFO: [Labtools 27-2285] Connecting to hw_server url TCP:localhost:3121
INFO: [Labtools 27-2222] Launching hw_server...
INFO: [Labtools 27-2221] Launch Output:

****** Xilinx hw_server v2020.2
  **** Build date : Nov 18 2020 at 09:50:49
    ** Copyright 1986-2020 Xilinx, Inc. All Rights Reserved.


INFO: [Labtools 27-3415] Connecting to cs_server url TCP:localhost:3042
INFO: [Labtools 27-3417] Launching cs_server...
INFO: [Labtools 27-2221] Launch Output:


******** Xilinx cs_server v2020.2
  ****** Build date   : Nov 04 2020-05:02:56
    **** Build number : 2020.2.1604437376
      ** Copyright 2017-2020 Xilinx, Inc. All Rights Reserved.



open_hw_target
INFO: [Labtoolstcl 44-466] Opening hw_target localhost:3121/xilinx_tcf/Xilinx/217702027011A
set_property PROGRAM.FILE {/home/gabber/FUDAN/workspace/0803_SBM/new/BBQ_BM/BBQ_BM.runs/impl_1/top.bit} [get_hw_devices xcu280_u55c_0]
set_property PROBES.FILE {/home/gabber/FUDAN/workspace/0803_SBM/new/BBQ_BM/BBQ_BM.runs/impl_1/top.ltx} [get_hw_devices xcu280_u55c_0]
set_property FULL_PROBES.FILE {/home/gabber/FUDAN/workspace/0803_SBM/new/BBQ_BM/BBQ_BM.runs/impl_1/top.ltx} [get_hw_devices xcu280_u55c_0]
current_hw_device [get_hw_devices xcu280_u55c_0]
refresh_hw_device [lindex [get_hw_devices xcu280_u55c_0] 0]
INFO: [Labtools 27-2302] Device xcu280_u55c (JTAG device index = 0) is programmed with a design that has 1 HBM core(s).
INFO: [Labtools 27-2302] Device xcu280_u55c (JTAG device index = 0) is programmed with a design that has 2 ILA core(s).
display_hw_ila_data [ get_hw_ila_data hw_ila_data_1 -of_objects [get_hw_ilas -of_objects [get_hw_devices xcu280_u55c_0] -filter {CELL_NAME=~"bbq_inst/ila_1"}]]
display_hw_ila_data [ get_hw_ila_data hw_ila_data_2 -of_objects [get_hw_ilas -of_objects [get_hw_devices xcu280_u55c_0] -filter {CELL_NAME=~"nolabel_line120"}]]
run_hw_ila [get_hw_ilas -of_objects [get_hw_devices xcu280_u55c_0] -filter {CELL_NAME=~"bbq_inst/ila_1"}]
INFO: [Labtools 27-1964] The ILA core 'hw_ila_1' trigger was armed at 2025-Aug-04 20:12:23
wait_on_hw_ila [get_hw_ilas -of_objects [get_hw_devices xcu280_u55c_0] -filter {CELL_NAME=~"bbq_inst/ila_1"}]
display_hw_ila_data [upload_hw_ila_data [get_hw_ilas -of_objects [get_hw_devices xcu280_u55c_0] -filter {CELL_NAME=~"bbq_inst/ila_1"}]]
INFO: [Labtools 27-1966] The ILA core 'hw_ila_1' triggered at 2025-Aug-04 20:12:23
INFO: [Labtools 27-3304] ILA Waveform data saved to file /home/gabber/FUDAN/workspace/0803_SBM/new/BBQ_BM/BBQ_BM.hw/backup/hw_ila_data_1.ila. Use Tcl command 'read_hw_ila_data' or Vivado File->Import->Import ILA Data menu item to import the previously saved data.
run_hw_ila [get_hw_ilas -of_objects [get_hw_devices xcu280_u55c_0] -filter {CELL_NAME=~"bbq_inst/ila_1"}]
INFO: [Labtools 27-1964] The ILA core 'hw_ila_1' trigger was armed at 2025-Aug-04 20:12:26
wait_on_hw_ila [get_hw_ilas -of_objects [get_hw_devices xcu280_u55c_0] -filter {CELL_NAME=~"bbq_inst/ila_1"}]
display_hw_ila_data [upload_hw_ila_data [get_hw_ilas -of_objects [get_hw_devices xcu280_u55c_0] -filter {CELL_NAME=~"bbq_inst/ila_1"}]]
INFO: [Labtools 27-1966] The ILA core 'hw_ila_1' triggered at 2025-Aug-04 20:12:26
INFO: [Labtools 27-3304] ILA Waveform data saved to file /home/gabber/FUDAN/workspace/0803_SBM/new/BBQ_BM/BBQ_BM.hw/backup/hw_ila_data_1.ila. Use Tcl command 'read_hw_ila_data' or Vivado File->Import->Import ILA Data menu item to import the previously saved data.
run_hw_ila [get_hw_ilas -of_objects [get_hw_devices xcu280_u55c_0] -filter {CELL_NAME=~"bbq_inst/ila_1"}]
INFO: [Labtools 27-1964] The ILA core 'hw_ila_1' trigger was armed at 2025-Aug-04 20:12:33
wait_on_hw_ila [get_hw_ilas -of_objects [get_hw_devices xcu280_u55c_0] -filter {CELL_NAME=~"bbq_inst/ila_1"}]
display_hw_ila_data [upload_hw_ila_data [get_hw_ilas -of_objects [get_hw_devices xcu280_u55c_0] -filter {CELL_NAME=~"bbq_inst/ila_1"}]]
INFO: [Labtools 27-1966] The ILA core 'hw_ila_1' triggered at 2025-Aug-04 20:12:33
INFO: [Labtools 27-3304] ILA Waveform data saved to file /home/gabber/FUDAN/workspace/0803_SBM/new/BBQ_BM/BBQ_BM.hw/backup/hw_ila_data_1.ila. Use Tcl command 'read_hw_ila_data' or Vivado File->Import->Import ILA Data menu item to import the previously saved data.
run_hw_ila [get_hw_ilas -of_objects [get_hw_devices xcu280_u55c_0] -filter {CELL_NAME=~"bbq_inst/ila_1"}]
INFO: [Labtools 27-1964] The ILA core 'hw_ila_1' trigger was armed at 2025-Aug-04 20:12:36
wait_on_hw_ila [get_hw_ilas -of_objects [get_hw_devices xcu280_u55c_0] -filter {CELL_NAME=~"bbq_inst/ila_1"}]
display_hw_ila_data [upload_hw_ila_data [get_hw_ilas -of_objects [get_hw_devices xcu280_u55c_0] -filter {CELL_NAME=~"bbq_inst/ila_1"}]]
INFO: [Labtools 27-1966] The ILA core 'hw_ila_1' triggered at 2025-Aug-04 20:12:36
INFO: [Labtools 27-3304] ILA Waveform data saved to file /home/gabber/FUDAN/workspace/0803_SBM/new/BBQ_BM/BBQ_BM.hw/backup/hw_ila_data_1.ila. Use Tcl command 'read_hw_ila_data' or Vivado File->Import->Import ILA Data menu item to import the previously saved data.
run_hw_ila [get_hw_ilas -of_objects [get_hw_devices xcu280_u55c_0] -filter {CELL_NAME=~"bbq_inst/ila_1"}]
INFO: [Labtools 27-1964] The ILA core 'hw_ila_1' trigger was armed at 2025-Aug-04 20:12:39
wait_on_hw_ila [get_hw_ilas -of_objects [get_hw_devices xcu280_u55c_0] -filter {CELL_NAME=~"bbq_inst/ila_1"}]
display_hw_ila_data [upload_hw_ila_data [get_hw_ilas -of_objects [get_hw_devices xcu280_u55c_0] -filter {CELL_NAME=~"bbq_inst/ila_1"}]]
INFO: [Labtools 27-1966] The ILA core 'hw_ila_1' triggered at 2025-Aug-04 20:12:39
INFO: [Labtools 27-3304] ILA Waveform data saved to file /home/gabber/FUDAN/workspace/0803_SBM/new/BBQ_BM/BBQ_BM.hw/backup/hw_ila_data_1.ila. Use Tcl command 'read_hw_ila_data' or Vivado File->Import->Import ILA Data menu item to import the previously saved data.
run_hw_ila [get_hw_ilas -of_objects [get_hw_devices xcu280_u55c_0] -filter {CELL_NAME=~"bbq_inst/ila_1"}]
INFO: [Labtools 27-1964] The ILA core 'hw_ila_1' trigger was armed at 2025-Aug-04 20:12:43
wait_on_hw_ila [get_hw_ilas -of_objects [get_hw_devices xcu280_u55c_0] -filter {CELL_NAME=~"bbq_inst/ila_1"}]
display_hw_ila_data [upload_hw_ila_data [get_hw_ilas -of_objects [get_hw_devices xcu280_u55c_0] -filter {CELL_NAME=~"bbq_inst/ila_1"}]]
INFO: [Labtools 27-1966] The ILA core 'hw_ila_1' triggered at 2025-Aug-04 20:12:43
INFO: [Labtools 27-3304] ILA Waveform data saved to file /home/gabber/FUDAN/workspace/0803_SBM/new/BBQ_BM/BBQ_BM.hw/backup/hw_ila_data_1.ila. Use Tcl command 'read_hw_ila_data' or Vivado File->Import->Import ILA Data menu item to import the previously saved data.
run_hw_ila [get_hw_ilas -of_objects [get_hw_devices xcu280_u55c_0] -filter {CELL_NAME=~"bbq_inst/ila_1"}]
INFO: [Labtools 27-1964] The ILA core 'hw_ila_1' trigger was armed at 2025-Aug-04 20:12:46
wait_on_hw_ila [get_hw_ilas -of_objects [get_hw_devices xcu280_u55c_0] -filter {CELL_NAME=~"bbq_inst/ila_1"}]
display_hw_ila_data [upload_hw_ila_data [get_hw_ilas -of_objects [get_hw_devices xcu280_u55c_0] -filter {CELL_NAME=~"bbq_inst/ila_1"}]]
INFO: [Labtools 27-1966] The ILA core 'hw_ila_1' triggered at 2025-Aug-04 20:12:46
INFO: [Labtools 27-3304] ILA Waveform data saved to file /home/gabber/FUDAN/workspace/0803_SBM/new/BBQ_BM/BBQ_BM.hw/backup/hw_ila_data_1.ila. Use Tcl command 'read_hw_ila_data' or Vivado File->Import->Import ILA Data menu item to import the previously saved data.
run_hw_ila [get_hw_ilas -of_objects [get_hw_devices xcu280_u55c_0] -filter {CELL_NAME=~"nolabel_line120"}]
INFO: [Labtools 27-1964] The ILA core 'hw_ila_2' trigger was armed at 2025-Aug-04 20:13:04
wait_on_hw_ila [get_hw_ilas -of_objects [get_hw_devices xcu280_u55c_0] -filter {CELL_NAME=~"nolabel_line120"}]
display_hw_ila_data [upload_hw_ila_data [get_hw_ilas -of_objects [get_hw_devices xcu280_u55c_0] -filter {CELL_NAME=~"nolabel_line120"}]]
INFO: [Labtools 27-1966] The ILA core 'hw_ila_2' triggered at 2025-Aug-04 20:13:04
INFO: [Labtools 27-3304] ILA Waveform data saved to file /home/gabber/FUDAN/workspace/0803_SBM/new/BBQ_BM/BBQ_BM.hw/backup/hw_ila_data_2.ila. Use Tcl command 'read_hw_ila_data' or Vivado File->Import->Import ILA Data menu item to import the previously saved data.
run_hw_ila [get_hw_ilas -of_objects [get_hw_devices xcu280_u55c_0] -filter {CELL_NAME=~"nolabel_line120"}]
INFO: [Labtools 27-1964] The ILA core 'hw_ila_2' trigger was armed at 2025-Aug-04 20:13:07
wait_on_hw_ila [get_hw_ilas -of_objects [get_hw_devices xcu280_u55c_0] -filter {CELL_NAME=~"nolabel_line120"}]
display_hw_ila_data [upload_hw_ila_data [get_hw_ilas -of_objects [get_hw_devices xcu280_u55c_0] -filter {CELL_NAME=~"nolabel_line120"}]]
INFO: [Labtools 27-1966] The ILA core 'hw_ila_2' triggered at 2025-Aug-04 20:13:07
INFO: [Labtools 27-3304] ILA Waveform data saved to file /home/gabber/FUDAN/workspace/0803_SBM/new/BBQ_BM/BBQ_BM.hw/backup/hw_ila_data_2.ila. Use Tcl command 'read_hw_ila_data' or Vivado File->Import->Import ILA Data menu item to import the previously saved data.
add_hw_hbm_pc 0 0 [get_hw_hbms localhost:3121/xilinx_tcf/Xilinx/217702027011A/0_1/HBM_1]
run_hw_hbm_amon [get_hw_hbms localhost:3121/xilinx_tcf/Xilinx/217702027011A/0_1/HBM_1]
INFO: [Labtools 27-3451] HBM Activity Monitor data log will be written to: /home/gabber/FUDAN/workspace/0803_SBM/new/BBQ_BM/xcu280_u55c_0_hbm_1_s0.csv
pause_hw_hbm_amon [get_hw_hbms localhost:3121/xilinx_tcf/Xilinx/217702027011A/0_1/HBM_1]
resume_hw_hbm_amon [get_hw_hbms localhost:3121/xilinx_tcf/Xilinx/217702027011A/0_1/HBM_1]
pause_hw_hbm_amon [get_hw_hbms localhost:3121/xilinx_tcf/Xilinx/217702027011A/0_1/HBM_1]
resume_hw_hbm_amon [get_hw_hbms localhost:3121/xilinx_tcf/Xilinx/217702027011A/0_1/HBM_1]
stop_hw_hbm_amon [get_hw_hbms localhost:3121/xilinx_tcf/Xilinx/217702027011A/0_1/HBM_1]
save_wave_config {/home/gabber/FUDAN/workspace/0803_SBM/new/BBQ_BM/BBQ_BM.hw/hw_1/wave/hw_ila_data_1/hw_ila_data_1.wcfg}
save_wave_config {/home/gabber/FUDAN/workspace/0803_SBM/new/BBQ_BM/BBQ_BM.hw/hw_1/wave/hw_ila_data_2/hw_ila_data_2.wcfg}
close_hw_manager
exit
INFO: [Common 17-206] Exiting Vivado at Mon Aug  4 20:26:01 2025...
