#-----------------------------------------------------------
# Vivado v2020.2 (64-bit)
# SW Build 3064766 on Wed Nov 18 09:12:47 MST 2020
# IP Build 3064653 on Wed Nov 18 14:17:31 MST 2020
# Start of session at: Sun Aug  3 15:55:44 2025
# Process ID: 3171306
# Current directory: /home/gabber/FUDAN/workspace/0803_SBM/new/BBQ_BM
# Command line: vivado BBQ_BM.xpr
# Log file: /home/gabber/FUDAN/workspace/0803_SBM/new/BBQ_BM/vivado.log
# Journal file: /home/gabber/FUDAN/workspace/0803_SBM/new/BBQ_BM/vivado.jou
#-----------------------------------------------------------
start_gui
open_project BBQ_BM.xpr
INFO: [Project 1-313] Project file moved from '/home/gabber/FUDAN/workspace/SBM_0728/BBQ_BM' since last save.
Scanning sources...
Finished scanning sources
INFO: [IP_Flow 19-234] Refreshing IP repositories
INFO: [IP_Flow 19-1704] No user IP repositories specified
INFO: [IP_Flow 19-2313] Loaded Vivado IP repository '/tools/Xilinx/Vivado/2020.2/data/ip'.
open_project: Time (s): cpu = 00:00:12 ; elapsed = 00:00:06 . Memory (MB): peak = 7414.836 ; gain = 101.309 ; free physical = 18940 ; free virtual = 57372
INFO: [IP_Flow 19-3899] Cannot get the environment domain name variable for the component vendor name. Setting the vendor name to 'user.org'.
update_compile_order -fileset sources_1
copy_ip -name blk_mem_gen_3 -dir /home/gabber/FUDAN/workspace/0803_SBM/new/BBQ_BM/BBQ_BM.srcs/sources_1/ip [get_ips  blk_mem_gen_0]
CRITICAL WARNING: [IP_Flow 19-1673] Failed to find file 'blk_mem_gen_0.mem' while importing IP 'blk_mem_gen_3'. This is a mandatory source file and must exist for import to be successful. Please ensure this file exists.
update_compile_order -fileset sources_1
update_compile_order -fileset sources_1
reset_run synth_1
launch_runs impl_1 -to_step write_bitstream -jobs 8
INFO: [IP_Flow 19-1686] Generating 'Synthesis' target for IP 'blk_mem_gen_3'...
INFO: [IP_Flow 19-4993] Using cached IP synthesis design for IP blk_mem_gen_3, cache-ID = df1af638624af386; cache size = 42.148 MB.
INFO: [Vivado 12-4149] The synthesis checkpoint for IP '/home/gabber/FUDAN/workspace/0803_SBM/new/BBQ_BM/BBQ_BM.srcs/sources_1/ip/blk_mem_gen_3_1/blk_mem_gen_3.xci' is already up-to-date
INFO: [Vivado 12-4149] The synthesis checkpoint for IP '/home/gabber/FUDAN/workspace/0803_SBM/new/BBQ_BM/BBQ_BM.srcs/sources_1/ip/fifo_generator_0/fifo_generator_0.xci' is already up-to-date
INFO: [Vivado 12-4149] The synthesis checkpoint for IP '/home/gabber/FUDAN/workspace/0803_SBM/new/BBQ_BM/BBQ_BM.srcs/sources_1/ip/blk_mem_gen_1/blk_mem_gen_1.xci' is already up-to-date
INFO: [Vivado 12-4149] The synthesis checkpoint for IP '/home/gabber/FUDAN/workspace/0803_SBM/new/BBQ_BM/BBQ_BM.srcs/sources_1/ip/blk_mem_gen_0/blk_mem_gen_0.xci' is already up-to-date
[Sun Aug  3 15:58:38 2025] Launched synth_1...
Run output will be captured here: /home/gabber/FUDAN/workspace/0803_SBM/new/BBQ_BM/BBQ_BM.runs/synth_1/runme.log
[Sun Aug  3 15:58:38 2025] Launched impl_1...
Run output will be captured here: /home/gabber/FUDAN/workspace/0803_SBM/new/BBQ_BM/BBQ_BM.runs/impl_1/runme.log
open_hw_manager
connect_hw_server -allow_non_jtag
INFO: [Labtools 27-2285] Connecting to hw_server url TCP:localhost:3121
INFO: [Labtools 27-2222] Launching hw_server...
INFO: [Labtools 27-2221] Launch Output:

****** Xilinx hw_server v2020.2
  **** Build date : Nov 18 2020 at 09:50:49
    ** Copyright 1986-2020 Xilinx, Inc. All Rights Reserved.


INFO: [Labtools 27-3415] Connecting to cs_server url TCP:localhost:3042
INFO: [Labtools 27-3417] Launching cs_server...
INFO: [Labtools 27-2221] Launch Output:


******** Xilinx cs_server v2020.2
  ****** Build date   : Nov 04 2020-05:02:56
    **** Build number : 2020.2.1604437376
      ** Copyright 2017-2020 Xilinx, Inc. All Rights Reserved.



open_hw_target
INFO: [Labtoolstcl 44-466] Opening hw_target localhost:3121/xilinx_tcf/Xilinx/217702027011A
set_property PROGRAM.FILE {/home/gabber/FUDAN/workspace/0803_SBM/new/BBQ_BM/BBQ_BM.runs/impl_1/top.bit} [get_hw_devices xcu280_u55c_0]
set_property PROBES.FILE {/home/gabber/FUDAN/workspace/0803_SBM/new/BBQ_BM/BBQ_BM.runs/impl_1/top.ltx} [get_hw_devices xcu280_u55c_0]
set_property FULL_PROBES.FILE {/home/gabber/FUDAN/workspace/0803_SBM/new/BBQ_BM/BBQ_BM.runs/impl_1/top.ltx} [get_hw_devices xcu280_u55c_0]
current_hw_device [get_hw_devices xcu280_u55c_0]
refresh_hw_device [lindex [get_hw_devices xcu280_u55c_0] 0]
INFO: [Labtools 27-2302] Device xcu280_u55c (JTAG device index = 0) is programmed with a design that has 2 ILA core(s).
WARNING: [Labtools 27-1974] Mismatch between the design programmed into the device xcu280_u55c_0 and the probes file(s) /home/gabber/FUDAN/workspace/0803_SBM/new/BBQ_BM/BBQ_BM.runs/impl_1/top.ltx.
The device design has 2 ILA core(s) and 0 VIO core(s). 1 ILA core(s) and 0 VIO core(s) are matched in the probes file(s).
Resolution: 
1. Reprogram device with the correct programming file and associated probes file(s) OR
2. Goto device properties and associate the correct probes file(s) with the programming file already programmed in the device.
set_property PROBES.FILE {/home/gabber/FUDAN/workspace/0803_SBM/new/BBQ_BM/BBQ_BM.runs/impl_1/top.ltx} [get_hw_devices xcu280_u55c_0]
set_property FULL_PROBES.FILE {/home/gabber/FUDAN/workspace/0803_SBM/new/BBQ_BM/BBQ_BM.runs/impl_1/top.ltx} [get_hw_devices xcu280_u55c_0]
set_property PROGRAM.FILE {/home/gabber/FUDAN/workspace/0803_SBM/new/BBQ_BM/BBQ_BM.runs/impl_1/top.bit} [get_hw_devices xcu280_u55c_0]
program_hw_devices [get_hw_devices xcu280_u55c_0]
INFO: [Labtools 27-3164] End of startup status: HIGH
program_hw_devices: Time (s): cpu = 00:00:49 ; elapsed = 00:00:48 . Memory (MB): peak = 8756.016 ; gain = 0.000 ; free physical = 17318 ; free virtual = 55810
refresh_hw_device [lindex [get_hw_devices xcu280_u55c_0] 0]
INFO: [Labtools 27-2302] Device xcu280_u55c (JTAG device index = 0) is programmed with a design that has 1 ILA core(s).
display_hw_ila_data [ get_hw_ila_data hw_ila_data_1 -of_objects [get_hw_ilas -of_objects [get_hw_devices xcu280_u55c_0] -filter {CELL_NAME=~"nolabel_line113"}]]
WARNING: Simulation object bbq_inst/AXI_00_ARADDR was not found in the design.
WARNING: Simulation object bbq_inst/AXI_00_ARREADY was not found in the design.
WARNING: Simulation object bbq_inst/AXI_00_ARVALID was not found in the design.
WARNING: Simulation object bbq_inst/AXI_00_AWREADY was not found in the design.
WARNING: Simulation object bbq_inst/AXI_00_AWVALID was not found in the design.
WARNING: Simulation object bbq_inst/AXI_00_RVALID was not found in the design.
WARNING: Simulation object bbq_inst/hbm_he_q was not found in the design.
WARNING: Simulation object bbq_inst/hbm_he_wren was not found in the design.
save_wave_config {/home/gabber/FUDAN/workspace/0803_SBM/new/BBQ_BM/BBQ_BM.hw/hw_1/wave/hw_ila_data_1/hw_ila_data_1.wcfg}
save_wave_config {/home/gabber/FUDAN/workspace/0803_SBM/new/BBQ_BM/BBQ_BM.hw/hw_1/wave/hw_ila_data_1/hw_ila_data_1.wcfg}
save_wave_config {/home/gabber/FUDAN/workspace/0803_SBM/new/BBQ_BM/BBQ_BM.hw/hw_1/wave/hw_ila_data_1/hw_ila_data_1.wcfg}
save_wave_config {/home/gabber/FUDAN/workspace/0803_SBM/new/BBQ_BM/BBQ_BM.hw/hw_1/wave/hw_ila_data_1/hw_ila_data_1.wcfg}
set_property PROBES.FILE {/home/gabber/FUDAN/workspace/0803_SBM/new/BBQ_BM/BBQ_BM.runs/impl_1/top.ltx} [get_hw_devices xcu280_u55c_0]
set_property FULL_PROBES.FILE {/home/gabber/FUDAN/workspace/0803_SBM/new/BBQ_BM/BBQ_BM.runs/impl_1/top.ltx} [get_hw_devices xcu280_u55c_0]
set_property PROGRAM.FILE {/home/gabber/FUDAN/workspace/0803_SBM/new/BBQ_BM/BBQ_BM.runs/impl_1/top.bit} [get_hw_devices xcu280_u55c_0]
program_hw_devices [get_hw_devices xcu280_u55c_0]
INFO: [Labtools 27-3164] End of startup status: HIGH
program_hw_devices: Time (s): cpu = 00:00:49 ; elapsed = 00:00:48 . Memory (MB): peak = 8892.082 ; gain = 0.000 ; free physical = 17279 ; free virtual = 55771
refresh_hw_device [lindex [get_hw_devices xcu280_u55c_0] 0]
INFO: [Labtools 27-2302] Device xcu280_u55c (JTAG device index = 0) is programmed with a design that has 1 ILA core(s).
save_wave_config {/home/gabber/FUDAN/workspace/0803_SBM/new/BBQ_BM/BBQ_BM.hw/hw_1/wave/hw_ila_data_1/hw_ila_data_1.wcfg}
close_hw_manager
open_hw_manager
connect_hw_server -allow_non_jtag
INFO: [Labtools 27-2285] Connecting to hw_server url TCP:localhost:3121
INFO: [Labtools 27-3415] Connecting to cs_server url TCP:localhost:3042
INFO: [Labtools 27-3414] Connected to existing cs_server.
open_hw_target
INFO: [Labtoolstcl 44-466] Opening hw_target localhost:3121/xilinx_tcf/Xilinx/217702027011A
set_property PROGRAM.FILE {/home/gabber/FUDAN/workspace/0803_SBM/new/BBQ_BM/BBQ_BM.runs/impl_1/top.bit} [get_hw_devices xcu280_u55c_0]
set_property PROBES.FILE {/home/gabber/FUDAN/workspace/0803_SBM/new/BBQ_BM/BBQ_BM.runs/impl_1/top.ltx} [get_hw_devices xcu280_u55c_0]
set_property FULL_PROBES.FILE {/home/gabber/FUDAN/workspace/0803_SBM/new/BBQ_BM/BBQ_BM.runs/impl_1/top.ltx} [get_hw_devices xcu280_u55c_0]
current_hw_device [get_hw_devices xcu280_u55c_0]
refresh_hw_device [lindex [get_hw_devices xcu280_u55c_0] 0]
INFO: [Labtools 27-2302] Device xcu280_u55c (JTAG device index = 0) is programmed with a design that has 1 ILA core(s).
display_hw_ila_data [ get_hw_ila_data hw_ila_data_1 -of_objects [get_hw_ilas -of_objects [get_hw_devices xcu280_u55c_0] -filter {CELL_NAME=~"nolabel_line113"}]]
add_wave -into {hw_ila_data_1.wcfg} -radix hex { {heap_out_he_data} {heap_out_he_priority} {heap_out_op_type} {heap_out_valid} {locked} }
run_hw_ila [get_hw_ilas -of_objects [get_hw_devices xcu280_u55c_0] -filter {CELL_NAME=~"nolabel_line113"}]
INFO: [Labtools 27-1964] The ILA core 'hw_ila_1' trigger was armed at 2025-Aug-03 16:08:41
wait_on_hw_ila [get_hw_ilas -of_objects [get_hw_devices xcu280_u55c_0] -filter {CELL_NAME=~"nolabel_line113"}]
display_hw_ila_data [upload_hw_ila_data [get_hw_ilas -of_objects [get_hw_devices xcu280_u55c_0] -filter {CELL_NAME=~"nolabel_line113"}]]
INFO: [Labtools 27-1966] The ILA core 'hw_ila_1' triggered at 2025-Aug-03 16:08:41
INFO: [Labtools 27-3304] ILA Waveform data saved to file /home/gabber/FUDAN/workspace/0803_SBM/new/BBQ_BM/BBQ_BM.hw/backup/hw_ila_data_1.ila. Use Tcl command 'read_hw_ila_data' or Vivado File->Import->Import ILA Data menu item to import the previously saved data.
run_hw_ila [get_hw_ilas -of_objects [get_hw_devices xcu280_u55c_0] -filter {CELL_NAME=~"nolabel_line113"}]
INFO: [Labtools 27-1964] The ILA core 'hw_ila_1' trigger was armed at 2025-Aug-03 16:08:44
wait_on_hw_ila [get_hw_ilas -of_objects [get_hw_devices xcu280_u55c_0] -filter {CELL_NAME=~"nolabel_line113"}]
display_hw_ila_data [upload_hw_ila_data [get_hw_ilas -of_objects [get_hw_devices xcu280_u55c_0] -filter {CELL_NAME=~"nolabel_line113"}]]
INFO: [Labtools 27-1966] The ILA core 'hw_ila_1' triggered at 2025-Aug-03 16:08:44
INFO: [Labtools 27-3304] ILA Waveform data saved to file /home/gabber/FUDAN/workspace/0803_SBM/new/BBQ_BM/BBQ_BM.hw/backup/hw_ila_data_1.ila. Use Tcl command 'read_hw_ila_data' or Vivado File->Import->Import ILA Data menu item to import the previously saved data.
run_hw_ila [get_hw_ilas -of_objects [get_hw_devices xcu280_u55c_0] -filter {CELL_NAME=~"nolabel_line113"}]
INFO: [Labtools 27-1964] The ILA core 'hw_ila_1' trigger was armed at 2025-Aug-03 16:08:48
wait_on_hw_ila [get_hw_ilas -of_objects [get_hw_devices xcu280_u55c_0] -filter {CELL_NAME=~"nolabel_line113"}]
display_hw_ila_data [upload_hw_ila_data [get_hw_ilas -of_objects [get_hw_devices xcu280_u55c_0] -filter {CELL_NAME=~"nolabel_line113"}]]
INFO: [Labtools 27-1966] The ILA core 'hw_ila_1' triggered at 2025-Aug-03 16:08:48
INFO: [Labtools 27-3304] ILA Waveform data saved to file /home/gabber/FUDAN/workspace/0803_SBM/new/BBQ_BM/BBQ_BM.hw/backup/hw_ila_data_1.ila. Use Tcl command 'read_hw_ila_data' or Vivado File->Import->Import ILA Data menu item to import the previously saved data.
run_hw_ila [get_hw_ilas -of_objects [get_hw_devices xcu280_u55c_0] -filter {CELL_NAME=~"nolabel_line113"}]
INFO: [Labtools 27-1964] The ILA core 'hw_ila_1' trigger was armed at 2025-Aug-03 16:08:51
wait_on_hw_ila [get_hw_ilas -of_objects [get_hw_devices xcu280_u55c_0] -filter {CELL_NAME=~"nolabel_line113"}]
display_hw_ila_data [upload_hw_ila_data [get_hw_ilas -of_objects [get_hw_devices xcu280_u55c_0] -filter {CELL_NAME=~"nolabel_line113"}]]
INFO: [Labtools 27-1966] The ILA core 'hw_ila_1' triggered at 2025-Aug-03 16:08:51
INFO: [Labtools 27-3304] ILA Waveform data saved to file /home/gabber/FUDAN/workspace/0803_SBM/new/BBQ_BM/BBQ_BM.hw/backup/hw_ila_data_1.ila. Use Tcl command 'read_hw_ila_data' or Vivado File->Import->Import ILA Data menu item to import the previously saved data.
save_wave_config {/home/gabber/FUDAN/workspace/0803_SBM/new/BBQ_BM/BBQ_BM.hw/hw_1/wave/hw_ila_data_1/hw_ila_data_1.wcfg}
close_hw_manager
exit
INFO: [Common 17-206] Exiting Vivado at Sun Aug  3 16:11:24 2025...
