#-----------------------------------------------------------
# Vivado v2020.2 (64-bit)
# SW Build 3064766 on Wed Nov 18 09:12:47 MST 2020
# IP Build 3064653 on Wed Nov 18 14:17:31 MST 2020
# Start of session at: Mon Sep  8 14:34:53 2025
# Process ID: 251511
# Current directory: /home/gabber/FUDAN/workspace/0803_SBM/new/BBQ_BM
# Command line: vivado BBQ_BM.xpr
# Log file: /home/gabber/FUDAN/workspace/0803_SBM/new/BBQ_BM/vivado.log
# Journal file: /home/gabber/FUDAN/workspace/0803_SBM/new/BBQ_BM/vivado.jou
#-----------------------------------------------------------
start_gui
open_project BBQ_BM.xpr
Scanning sources...
Finished scanning sources
INFO: [IP_Flow 19-234] Refreshing IP repositories
INFO: [IP_Flow 19-1704] No user IP repositories specified
INFO: [IP_Flow 19-2313] Loaded Vivado IP repository '/tools/Xilinx/Vivado/2020.2/data/ip'.
open_project: Time (s): cpu = 00:00:13 ; elapsed = 00:00:06 . Memory (MB): peak = 7414.840 ; gain = 101.309 ; free physical = 27907 ; free virtual = 55407
INFO: [IP_Flow 19-3899] Cannot get the environment domain name variable for the component vendor name. Setting the vendor name to 'user.org'.
update_compile_order -fileset sources_1
set_property -dict [list CONFIG.CLKOUT1_REQUESTED_OUT_FREQ {250.000} CONFIG.CLKOUT2_REQUESTED_OUT_FREQ {250.000} CONFIG.MMCM_DIVCLK_DIVIDE {1} CONFIG.MMCM_CLKFBOUT_MULT_F {10.000} CONFIG.MMCM_CLKOUT0_DIVIDE_F {4.000} CONFIG.MMCM_CLKOUT1_DIVIDE {4} CONFIG.MMCM_CLKOUT2_DIVIDE {4} CONFIG.MMCM_CLKOUT3_DIVIDE {10} CONFIG.CLKOUT1_JITTER {110.209} CONFIG.CLKOUT1_PHASE_ERROR {98.575} CONFIG.CLKOUT2_JITTER {110.209} CONFIG.CLKOUT2_PHASE_ERROR {98.575} CONFIG.CLKOUT3_JITTER {110.209} CONFIG.CLKOUT3_PHASE_ERROR {98.575} CONFIG.CLKOUT4_JITTER {130.958} CONFIG.CLKOUT4_PHASE_ERROR {98.575}] [get_ips clk_wiz_0]
set_property -dict [list CONFIG.USER_HBM_REF_CLK_0 {300} CONFIG.USER_HBM_REF_CLK_PS_0 {1666.67} CONFIG.USER_HBM_REF_CLK_XDC_0 {3.33} CONFIG.USER_HBM_FBDIV_0 {12} CONFIG.USER_HBM_CP_0 {3} CONFIG.USER_HBM_LOCK_REF_DLY_0 {13} CONFIG.USER_HBM_LOCK_FB_DLY_0 {13} CONFIG.USER_HBM_HEX_CP_RES_0 {0x00001300} CONFIG.USER_HBM_HEX_LOCK_FB_REF_DLY_0 {0x00000d0d} CONFIG.USER_HBM_HEX_FBDIV_CLKOUTDIV_0 {0x00000302} CONFIG.USER_AXI_INPUT_CLK_FREQ {250} CONFIG.USER_AXI_INPUT_CLK_NS {4.000} CONFIG.USER_AXI_INPUT_CLK_PS {4000} CONFIG.USER_AXI_INPUT_CLK_XDC {4.000} CONFIG.HBM_MMCM_FBOUT_MULT0 {18}] [get_ips hbm_0]
generate_target all [get_files  /home/gabber/FUDAN/workspace/0803_SBM/new/BBQ_BM/BBQ_BM.srcs/sources_1/ip/hbm_0/hbm_0.xci]
INFO: [IP_Flow 19-1686] Generating 'Instantiation Template' target for IP 'hbm_0'...
INFO: [IP_Flow 19-1686] Generating 'Synthesis' target for IP 'hbm_0'...
INFO: [IP_Flow 19-1686] Generating 'Simulation' target for IP 'hbm_0'...
WARNING: [IP_Flow 19-5611] Unable to find an associated reset port for the interface 'SAXI_00'. A default connection has been created.
INFO: [IP_Flow 19-1686] Generating 'Change Log' target for IP 'hbm_0'...
catch { config_ip_cache -export [get_ips -all hbm_0] }
export_ip_user_files -of_objects [get_files /home/gabber/FUDAN/workspace/0803_SBM/new/BBQ_BM/BBQ_BM.srcs/sources_1/ip/hbm_0/hbm_0.xci] -no_script -sync -force -quiet
reset_run hbm_0_synth_1
launch_runs hbm_0_synth_1 -jobs 8
[Mon Sep  8 14:39:11 2025] Launched hbm_0_synth_1...
Run output will be captured here: /home/gabber/FUDAN/workspace/0803_SBM/new/BBQ_BM/BBQ_BM.runs/hbm_0_synth_1/runme.log
export_simulation -of_objects [get_files /home/gabber/FUDAN/workspace/0803_SBM/new/BBQ_BM/BBQ_BM.srcs/sources_1/ip/hbm_0/hbm_0.xci] -directory /home/gabber/FUDAN/workspace/0803_SBM/new/BBQ_BM/BBQ_BM.ip_user_files/sim_scripts -ip_user_files_dir /home/gabber/FUDAN/workspace/0803_SBM/new/BBQ_BM/BBQ_BM.ip_user_files -ipstatic_source_dir /home/gabber/FUDAN/workspace/0803_SBM/new/BBQ_BM/BBQ_BM.ip_user_files/ipstatic -lib_map_path [list {modelsim=/home/gabber/FUDAN/workspace/0803_SBM/new/BBQ_BM/BBQ_BM.cache/compile_simlib/modelsim} {questa=/home/gabber/FUDAN/workspace/0803_SBM/new/BBQ_BM/BBQ_BM.cache/compile_simlib/questa} {ies=/home/gabber/FUDAN/workspace/0803_SBM/new/BBQ_BM/BBQ_BM.cache/compile_simlib/ies} {xcelium=/home/gabber/FUDAN/workspace/0803_SBM/new/BBQ_BM/BBQ_BM.cache/compile_simlib/xcelium} {vcs=/home/gabber/FUDAN/workspace/0803_SBM/new/BBQ_BM/BBQ_BM.cache/compile_simlib/vcs} {riviera=/home/gabber/FUDAN/workspace/0803_SBM/new/BBQ_BM/BBQ_BM.cache/compile_simlib/riviera}] -use_ip_compiled_libs -force -quiet
set_property -dict [list CONFIG.CLKOUT2_REQUESTED_OUT_FREQ {300.000} CONFIG.MMCM_CLKFBOUT_MULT_F {15.000} CONFIG.MMCM_CLKOUT0_DIVIDE_F {6.000} CONFIG.MMCM_CLKOUT1_DIVIDE {5} CONFIG.MMCM_CLKOUT2_DIVIDE {6} CONFIG.MMCM_CLKOUT3_DIVIDE {15} CONFIG.CLKOUT1_JITTER {81.911} CONFIG.CLKOUT1_PHASE_ERROR {76.967} CONFIG.CLKOUT2_JITTER {79.341} CONFIG.CLKOUT2_PHASE_ERROR {76.967} CONFIG.CLKOUT3_JITTER {81.911} CONFIG.CLKOUT3_PHASE_ERROR {76.967} CONFIG.CLKOUT4_JITTER {96.283} CONFIG.CLKOUT4_PHASE_ERROR {76.967}] [get_ips clk_wiz_0]
generate_target all [get_files  /home/gabber/FUDAN/workspace/0803_SBM/new/BBQ_BM/BBQ_BM.srcs/sources_1/ip/clk_wiz_0/clk_wiz_0.xci]
INFO: [IP_Flow 19-1686] Generating 'Instantiation Template' target for IP 'clk_wiz_0'...
INFO: [IP_Flow 19-1686] Generating 'Synthesis' target for IP 'clk_wiz_0'...
INFO: [IP_Flow 19-1686] Generating 'Simulation' target for IP 'clk_wiz_0'...
INFO: [IP_Flow 19-1686] Generating 'Implementation' target for IP 'clk_wiz_0'...
INFO: [IP_Flow 19-1686] Generating 'Change Log' target for IP 'clk_wiz_0'...
catch { config_ip_cache -export [get_ips -all clk_wiz_0] }
export_ip_user_files -of_objects [get_files /home/gabber/FUDAN/workspace/0803_SBM/new/BBQ_BM/BBQ_BM.srcs/sources_1/ip/clk_wiz_0/clk_wiz_0.xci] -no_script -sync -force -quiet
reset_run clk_wiz_0_synth_1
launch_runs clk_wiz_0_synth_1 -jobs 8
[Mon Sep  8 14:39:35 2025] Launched clk_wiz_0_synth_1...
Run output will be captured here: /home/gabber/FUDAN/workspace/0803_SBM/new/BBQ_BM/BBQ_BM.runs/clk_wiz_0_synth_1/runme.log
export_simulation -of_objects [get_files /home/gabber/FUDAN/workspace/0803_SBM/new/BBQ_BM/BBQ_BM.srcs/sources_1/ip/clk_wiz_0/clk_wiz_0.xci] -directory /home/gabber/FUDAN/workspace/0803_SBM/new/BBQ_BM/BBQ_BM.ip_user_files/sim_scripts -ip_user_files_dir /home/gabber/FUDAN/workspace/0803_SBM/new/BBQ_BM/BBQ_BM.ip_user_files -ipstatic_source_dir /home/gabber/FUDAN/workspace/0803_SBM/new/BBQ_BM/BBQ_BM.ip_user_files/ipstatic -lib_map_path [list {modelsim=/home/gabber/FUDAN/workspace/0803_SBM/new/BBQ_BM/BBQ_BM.cache/compile_simlib/modelsim} {questa=/home/gabber/FUDAN/workspace/0803_SBM/new/BBQ_BM/BBQ_BM.cache/compile_simlib/questa} {ies=/home/gabber/FUDAN/workspace/0803_SBM/new/BBQ_BM/BBQ_BM.cache/compile_simlib/ies} {xcelium=/home/gabber/FUDAN/workspace/0803_SBM/new/BBQ_BM/BBQ_BM.cache/compile_simlib/xcelium} {vcs=/home/gabber/FUDAN/workspace/0803_SBM/new/BBQ_BM/BBQ_BM.cache/compile_simlib/vcs} {riviera=/home/gabber/FUDAN/workspace/0803_SBM/new/BBQ_BM/BBQ_BM.cache/compile_simlib/riviera}] -use_ip_compiled_libs -force -quiet
reset_run synth_1
launch_runs impl_1 -to_step write_bitstream -jobs 8
INFO: [Vivado 12-4149] The synthesis checkpoint for IP '/home/gabber/FUDAN/workspace/0803_SBM/new/BBQ_BM/BBQ_BM.srcs/sources_1/ip/fifo_generator_0/fifo_generator_0.xci' is already up-to-date
INFO: [Vivado 12-4149] The synthesis checkpoint for IP '/home/gabber/FUDAN/workspace/0803_SBM/new/BBQ_BM/BBQ_BM.srcs/sources_1/ip/blk_mem_gen_1/blk_mem_gen_1.xci' is already up-to-date
INFO: [Vivado 12-4149] The synthesis checkpoint for IP '/home/gabber/FUDAN/workspace/0803_SBM/new/BBQ_BM/BBQ_BM.srcs/sources_1/ip/blk_mem_gen_0/blk_mem_gen_0.xci' is already up-to-date
[Mon Sep  8 14:39:47 2025] Launched clk_wiz_0_synth_1, hbm_0_synth_1, synth_1...
Run output will be captured here:
clk_wiz_0_synth_1: /home/gabber/FUDAN/workspace/0803_SBM/new/BBQ_BM/BBQ_BM.runs/clk_wiz_0_synth_1/runme.log
hbm_0_synth_1: /home/gabber/FUDAN/workspace/0803_SBM/new/BBQ_BM/BBQ_BM.runs/hbm_0_synth_1/runme.log
synth_1: /home/gabber/FUDAN/workspace/0803_SBM/new/BBQ_BM/BBQ_BM.runs/synth_1/runme.log
[Mon Sep  8 14:39:47 2025] Launched impl_1...
Run output will be captured here: /home/gabber/FUDAN/workspace/0803_SBM/new/BBQ_BM/BBQ_BM.runs/impl_1/runme.log
WARNING: [IP_Flow 19-4067] Ignoring invalid widget type specified checkbox.Providing a default widget
WARNING: [IP_Flow 19-4067] Ignoring invalid widget type specified checkbox.Providing a default widget
WARNING: [IP_Flow 19-4067] Ignoring invalid widget type specified checkbox.Providing a default widget
WARNING: [IP_Flow 19-4067] Ignoring invalid widget type specified checkbox.Providing a default widget
WARNING: [IP_Flow 19-4067] Ignoring invalid widget type specified checkbox.Providing a default widget
WARNING: [IP_Flow 19-4067] Ignoring invalid widget type specified checkbox.Providing a default widget
WARNING: [IP_Flow 19-4067] Ignoring invalid widget type specified checkbox.Providing a default widget
WARNING: [IP_Flow 19-4067] Ignoring invalid widget type specified checkbox.Providing a default widget
WARNING: [IP_Flow 19-4067] Ignoring invalid widget type specified checkbox.Providing a default widget
WARNING: [IP_Flow 19-4067] Ignoring invalid widget type specified checkbox.Providing a default widget
WARNING: [IP_Flow 19-4067] Ignoring invalid widget type specified checkbox.Providing a default widget
WARNING: [IP_Flow 19-4067] Ignoring invalid widget type specified checkbox.Providing a default widget
WARNING: [IP_Flow 19-4067] Ignoring invalid widget type specified checkbox.Providing a default widget
WARNING: [IP_Flow 19-4067] Ignoring invalid widget type specified checkbox.Providing a default widget
WARNING: [IP_Flow 19-4067] Ignoring invalid widget type specified checkbox.Providing a default widget
WARNING: [IP_Flow 19-4067] Ignoring invalid widget type specified checkbox.Providing a default widget
WARNING: [IP_Flow 19-4067] Ignoring invalid widget type specified checkbox.Providing a default widget
WARNING: [IP_Flow 19-4067] Ignoring invalid widget type specified checkbox.Providing a default widget
WARNING: [IP_Flow 19-4067] Ignoring invalid widget type specified checkbox.Providing a default widget
WARNING: [IP_Flow 19-4067] Ignoring invalid widget type specified checkbox.Providing a default widget
WARNING: [IP_Flow 19-4067] Ignoring invalid widget type specified checkbox.Providing a default widget
WARNING: [IP_Flow 19-4067] Ignoring invalid widget type specified checkbox.Providing a default widget
WARNING: [IP_Flow 19-4067] Ignoring invalid widget type specified checkbox.Providing a default widget
WARNING: [IP_Flow 19-4067] Ignoring invalid widget type specified checkbox.Providing a default widget
WARNING: [IP_Flow 19-4067] Ignoring invalid widget type specified checkbox.Providing a default widget
WARNING: [IP_Flow 19-4067] Ignoring invalid widget type specified checkbox.Providing a default widget
WARNING: [IP_Flow 19-4067] Ignoring invalid widget type specified checkbox.Providing a default widget
WARNING: [IP_Flow 19-4067] Ignoring invalid widget type specified checkbox.Providing a default widget
set_property -dict [list CONFIG.CLKOUT1_REQUESTED_OUT_FREQ {200.000} CONFIG.CLKOUT3_REQUESTED_OUT_FREQ {200.000} CONFIG.MMCM_CLKFBOUT_MULT_F {12.000} CONFIG.MMCM_CLKOUT1_DIVIDE {4} CONFIG.MMCM_CLKOUT2_DIVIDE {6} CONFIG.MMCM_CLKOUT3_DIVIDE {12} CONFIG.CLKOUT1_JITTER {102.086} CONFIG.CLKOUT1_PHASE_ERROR {87.180} CONFIG.CLKOUT2_JITTER {94.862} CONFIG.CLKOUT2_PHASE_ERROR {87.180} CONFIG.CLKOUT3_JITTER {102.086} CONFIG.CLKOUT3_PHASE_ERROR {87.180} CONFIG.CLKOUT4_JITTER {115.831} CONFIG.CLKOUT4_PHASE_ERROR {87.180}] [get_ips clk_wiz_0]
generate_target all [get_files  /home/gabber/FUDAN/workspace/0803_SBM/new/BBQ_BM/BBQ_BM.srcs/sources_1/ip/clk_wiz_0/clk_wiz_0.xci]
INFO: [IP_Flow 19-1686] Generating 'Instantiation Template' target for IP 'clk_wiz_0'...
INFO: [IP_Flow 19-1686] Generating 'Synthesis' target for IP 'clk_wiz_0'...
INFO: [IP_Flow 19-1686] Generating 'Simulation' target for IP 'clk_wiz_0'...
INFO: [IP_Flow 19-1686] Generating 'Implementation' target for IP 'clk_wiz_0'...
INFO: [IP_Flow 19-1686] Generating 'Change Log' target for IP 'clk_wiz_0'...
catch { config_ip_cache -export [get_ips -all clk_wiz_0] }
export_ip_user_files -of_objects [get_files /home/gabber/FUDAN/workspace/0803_SBM/new/BBQ_BM/BBQ_BM.srcs/sources_1/ip/clk_wiz_0/clk_wiz_0.xci] -no_script -sync -force -quiet
reset_run clk_wiz_0_synth_1
launch_runs clk_wiz_0_synth_1 -jobs 8
[Mon Sep  8 18:40:06 2025] Launched clk_wiz_0_synth_1...
Run output will be captured here: /home/gabber/FUDAN/workspace/0803_SBM/new/BBQ_BM/BBQ_BM.runs/clk_wiz_0_synth_1/runme.log
export_simulation -of_objects [get_files /home/gabber/FUDAN/workspace/0803_SBM/new/BBQ_BM/BBQ_BM.srcs/sources_1/ip/clk_wiz_0/clk_wiz_0.xci] -directory /home/gabber/FUDAN/workspace/0803_SBM/new/BBQ_BM/BBQ_BM.ip_user_files/sim_scripts -ip_user_files_dir /home/gabber/FUDAN/workspace/0803_SBM/new/BBQ_BM/BBQ_BM.ip_user_files -ipstatic_source_dir /home/gabber/FUDAN/workspace/0803_SBM/new/BBQ_BM/BBQ_BM.ip_user_files/ipstatic -lib_map_path [list {modelsim=/home/gabber/FUDAN/workspace/0803_SBM/new/BBQ_BM/BBQ_BM.cache/compile_simlib/modelsim} {questa=/home/gabber/FUDAN/workspace/0803_SBM/new/BBQ_BM/BBQ_BM.cache/compile_simlib/questa} {ies=/home/gabber/FUDAN/workspace/0803_SBM/new/BBQ_BM/BBQ_BM.cache/compile_simlib/ies} {xcelium=/home/gabber/FUDAN/workspace/0803_SBM/new/BBQ_BM/BBQ_BM.cache/compile_simlib/xcelium} {vcs=/home/gabber/FUDAN/workspace/0803_SBM/new/BBQ_BM/BBQ_BM.cache/compile_simlib/vcs} {riviera=/home/gabber/FUDAN/workspace/0803_SBM/new/BBQ_BM/BBQ_BM.cache/compile_simlib/riviera}] -use_ip_compiled_libs -force -quiet
WARNING: [IP_Flow 19-4067] Ignoring invalid widget type specified checkbox.Providing a default widget
set_property -dict [list CONFIG.USER_HBM_REF_CLK_0 {200} CONFIG.USER_HBM_REF_CLK_PS_0 {2500.00} CONFIG.USER_HBM_REF_CLK_XDC_0 {5.00} CONFIG.USER_HBM_FBDIV_0 {18} CONFIG.USER_HBM_CP_0 {6} CONFIG.USER_HBM_RES_0 {9} CONFIG.USER_HBM_LOCK_REF_DLY_0 {20} CONFIG.USER_HBM_LOCK_FB_DLY_0 {20} CONFIG.USER_HBM_HEX_CP_RES_0 {0x00009600} CONFIG.USER_HBM_HEX_LOCK_FB_REF_DLY_0 {0x00001414} CONFIG.USER_HBM_HEX_FBDIV_CLKOUTDIV_0 {0x00000482} CONFIG.USER_AXI_INPUT_CLK_FREQ {200} CONFIG.USER_AXI_INPUT_CLK_NS {5.000} CONFIG.USER_AXI_INPUT_CLK_PS {5000} CONFIG.USER_AXI_INPUT_CLK_XDC {5.000} CONFIG.HBM_MMCM_FBOUT_MULT0 {9}] [get_ips hbm_0]
generate_target all [get_files  /home/gabber/FUDAN/workspace/0803_SBM/new/BBQ_BM/BBQ_BM.srcs/sources_1/ip/hbm_0/hbm_0.xci]
INFO: [IP_Flow 19-1686] Generating 'Instantiation Template' target for IP 'hbm_0'...
INFO: [IP_Flow 19-1686] Generating 'Synthesis' target for IP 'hbm_0'...
INFO: [IP_Flow 19-1686] Generating 'Simulation' target for IP 'hbm_0'...
WARNING: [IP_Flow 19-5611] Unable to find an associated reset port for the interface 'SAXI_00'. A default connection has been created.
INFO: [IP_Flow 19-1686] Generating 'Change Log' target for IP 'hbm_0'...
catch { config_ip_cache -export [get_ips -all hbm_0] }
INFO: [IP_Flow 19-4993] Using cached IP synthesis design for IP hbm_0, cache-ID = adfbaf0e89957a7c; cache size = 88.513 MB.
catch { [ delete_ip_run [get_ips -all hbm_0] ] }
INFO: [Project 1-386] Moving file '/home/gabber/FUDAN/workspace/0803_SBM/new/BBQ_BM/BBQ_BM.srcs/sources_1/ip/hbm_0/hbm_0.xci' from fileset 'hbm_0' to fileset 'sources_1'.
export_ip_user_files -of_objects [get_files /home/gabber/FUDAN/workspace/0803_SBM/new/BBQ_BM/BBQ_BM.srcs/sources_1/ip/hbm_0/hbm_0.xci] -no_script -sync -force -quiet
create_ip_run [get_files -of_objects [get_fileset sources_1] /home/gabber/FUDAN/workspace/0803_SBM/new/BBQ_BM/BBQ_BM.srcs/sources_1/ip/hbm_0/hbm_0.xci]
INFO: [Vivado 12-3453] The given sub-design is up-to-date, no action was taken.  If a run is still desired, use the '-force' option for the file:'/home/gabber/FUDAN/workspace/0803_SBM/new/BBQ_BM/BBQ_BM.srcs/sources_1/ip/hbm_0/hbm_0.xci'
export_simulation -of_objects [get_files /home/gabber/FUDAN/workspace/0803_SBM/new/BBQ_BM/BBQ_BM.srcs/sources_1/ip/hbm_0/hbm_0.xci] -directory /home/gabber/FUDAN/workspace/0803_SBM/new/BBQ_BM/BBQ_BM.ip_user_files/sim_scripts -ip_user_files_dir /home/gabber/FUDAN/workspace/0803_SBM/new/BBQ_BM/BBQ_BM.ip_user_files -ipstatic_source_dir /home/gabber/FUDAN/workspace/0803_SBM/new/BBQ_BM/BBQ_BM.ip_user_files/ipstatic -lib_map_path [list {modelsim=/home/gabber/FUDAN/workspace/0803_SBM/new/BBQ_BM/BBQ_BM.cache/compile_simlib/modelsim} {questa=/home/gabber/FUDAN/workspace/0803_SBM/new/BBQ_BM/BBQ_BM.cache/compile_simlib/questa} {ies=/home/gabber/FUDAN/workspace/0803_SBM/new/BBQ_BM/BBQ_BM.cache/compile_simlib/ies} {xcelium=/home/gabber/FUDAN/workspace/0803_SBM/new/BBQ_BM/BBQ_BM.cache/compile_simlib/xcelium} {vcs=/home/gabber/FUDAN/workspace/0803_SBM/new/BBQ_BM/BBQ_BM.cache/compile_simlib/vcs} {riviera=/home/gabber/FUDAN/workspace/0803_SBM/new/BBQ_BM/BBQ_BM.cache/compile_simlib/riviera}] -use_ip_compiled_libs -force -quiet
update_compile_order -fileset sources_1
reset_run synth_1
launch_runs impl_1 -to_step write_bitstream -jobs 8
INFO: [Vivado 12-4149] The synthesis checkpoint for IP '/home/gabber/FUDAN/workspace/0803_SBM/new/BBQ_BM/BBQ_BM.srcs/sources_1/ip/hbm_0/hbm_0.xci' is already up-to-date
INFO: [Vivado 12-4149] The synthesis checkpoint for IP '/home/gabber/FUDAN/workspace/0803_SBM/new/BBQ_BM/BBQ_BM.srcs/sources_1/ip/fifo_generator_0/fifo_generator_0.xci' is already up-to-date
INFO: [Vivado 12-4149] The synthesis checkpoint for IP '/home/gabber/FUDAN/workspace/0803_SBM/new/BBQ_BM/BBQ_BM.srcs/sources_1/ip/blk_mem_gen_1/blk_mem_gen_1.xci' is already up-to-date
INFO: [Vivado 12-4149] The synthesis checkpoint for IP '/home/gabber/FUDAN/workspace/0803_SBM/new/BBQ_BM/BBQ_BM.srcs/sources_1/ip/blk_mem_gen_0/blk_mem_gen_0.xci' is already up-to-date
[Mon Sep  8 19:09:35 2025] Launched synth_1...
Run output will be captured here: /home/gabber/FUDAN/workspace/0803_SBM/new/BBQ_BM/BBQ_BM.runs/synth_1/runme.log
[Mon Sep  8 19:09:35 2025] Launched impl_1...
Run output will be captured here: /home/gabber/FUDAN/workspace/0803_SBM/new/BBQ_BM/BBQ_BM.runs/impl_1/runme.log
WARNING: [IP_Flow 19-4067] Ignoring invalid widget type specified checkbox.Providing a default widget
WARNING: [IP_Flow 19-4067] Ignoring invalid widget type specified checkbox.Providing a default widget
WARNING: [IP_Flow 19-4067] Ignoring invalid widget type specified checkbox.Providing a default widget
WARNING: [IP_Flow 19-4067] Ignoring invalid widget type specified checkbox.Providing a default widget
WARNING: [IP_Flow 19-4067] Ignoring invalid widget type specified checkbox.Providing a default widget
WARNING: [IP_Flow 19-4067] Ignoring invalid widget type specified checkbox.Providing a default widget
WARNING: [IP_Flow 19-4067] Ignoring invalid widget type specified checkbox.Providing a default widget
WARNING: [IP_Flow 19-4067] Ignoring invalid widget type specified checkbox.Providing a default widget
close [ open /home/gabber/FUDAN/workspace/0803_SBM/new/BBQ_BM/BBQ_BM.srcs/sources_1/new/Buffer_RW_Controller.sv w ]
add_files /home/gabber/FUDAN/workspace/0803_SBM/new/BBQ_BM/BBQ_BM.srcs/sources_1/new/Buffer_RW_Controller.sv
update_compile_order -fileset sources_1
set_property top Buffer_RW_Controller [current_fileset]
update_compile_order -fileset sources_1
reset_run synth_1
launch_runs synth_1 -jobs 8
[Mon Sep  8 20:05:31 2025] Launched synth_1...
Run output will be captured here: /home/gabber/FUDAN/workspace/0803_SBM/new/BBQ_BM/BBQ_BM.runs/synth_1/runme.log
reset_run synth_1
launch_runs synth_1 -jobs 8
[Mon Sep  8 20:08:34 2025] Launched synth_1...
Run output will be captured here: /home/gabber/FUDAN/workspace/0803_SBM/new/BBQ_BM/BBQ_BM.runs/synth_1/runme.log
reset_run synth_1
launch_runs synth_1 -jobs 8
[Mon Sep  8 20:10:26 2025] Launched synth_1...
Run output will be captured here: /home/gabber/FUDAN/workspace/0803_SBM/new/BBQ_BM/BBQ_BM.runs/synth_1/runme.log
set_property top top [current_fileset]
update_compile_order -fileset sources_1
reset_run synth_1
launch_runs impl_1 -to_step write_bitstream -jobs 8
INFO: [Vivado 12-4149] The synthesis checkpoint for IP '/home/gabber/FUDAN/workspace/0803_SBM/new/BBQ_BM/BBQ_BM.srcs/sources_1/ip/hbm_0/hbm_0.xci' is already up-to-date
INFO: [Vivado 12-4149] The synthesis checkpoint for IP '/home/gabber/FUDAN/workspace/0803_SBM/new/BBQ_BM/BBQ_BM.srcs/sources_1/ip/fifo_generator_0/fifo_generator_0.xci' is already up-to-date
INFO: [Vivado 12-4149] The synthesis checkpoint for IP '/home/gabber/FUDAN/workspace/0803_SBM/new/BBQ_BM/BBQ_BM.srcs/sources_1/ip/blk_mem_gen_1/blk_mem_gen_1.xci' is already up-to-date
INFO: [Vivado 12-4149] The synthesis checkpoint for IP '/home/gabber/FUDAN/workspace/0803_SBM/new/BBQ_BM/BBQ_BM.srcs/sources_1/ip/blk_mem_gen_0/blk_mem_gen_0.xci' is already up-to-date
[Mon Sep  8 20:56:00 2025] Launched synth_1...
Run output will be captured here: /home/gabber/FUDAN/workspace/0803_SBM/new/BBQ_BM/BBQ_BM.runs/synth_1/runme.log
[Mon Sep  8 20:56:00 2025] Launched impl_1...
Run output will be captured here: /home/gabber/FUDAN/workspace/0803_SBM/new/BBQ_BM/BBQ_BM.runs/impl_1/runme.log
reset_run synth_1
launch_runs impl_1 -to_step write_bitstream -jobs 8
INFO: [Vivado 12-4149] The synthesis checkpoint for IP '/home/gabber/FUDAN/workspace/0803_SBM/new/BBQ_BM/BBQ_BM.srcs/sources_1/ip/hbm_0/hbm_0.xci' is already up-to-date
INFO: [Vivado 12-4149] The synthesis checkpoint for IP '/home/gabber/FUDAN/workspace/0803_SBM/new/BBQ_BM/BBQ_BM.srcs/sources_1/ip/fifo_generator_0/fifo_generator_0.xci' is already up-to-date
INFO: [Vivado 12-4149] The synthesis checkpoint for IP '/home/gabber/FUDAN/workspace/0803_SBM/new/BBQ_BM/BBQ_BM.srcs/sources_1/ip/blk_mem_gen_1/blk_mem_gen_1.xci' is already up-to-date
INFO: [Vivado 12-4149] The synthesis checkpoint for IP '/home/gabber/FUDAN/workspace/0803_SBM/new/BBQ_BM/BBQ_BM.srcs/sources_1/ip/blk_mem_gen_0/blk_mem_gen_0.xci' is already up-to-date
[Mon Sep  8 21:00:53 2025] Launched synth_1...
Run output will be captured here: /home/gabber/FUDAN/workspace/0803_SBM/new/BBQ_BM/BBQ_BM.runs/synth_1/runme.log
[Mon Sep  8 21:00:53 2025] Launched impl_1...
Run output will be captured here: /home/gabber/FUDAN/workspace/0803_SBM/new/BBQ_BM/BBQ_BM.runs/impl_1/runme.log
open_hw_manager
connect_hw_server -allow_non_jtag
INFO: [Labtools 27-2285] Connecting to hw_server url TCP:localhost:3121
INFO: [Labtools 27-2222] Launching hw_server...
INFO: [Labtools 27-2221] Launch Output:

****** Xilinx hw_server v2020.2
  **** Build date : Nov 18 2020 at 09:50:49
    ** Copyright 1986-2020 Xilinx, Inc. All Rights Reserved.


INFO: [Labtools 27-3415] Connecting to cs_server url TCP:localhost:3042
INFO: [Labtools 27-3417] Launching cs_server...
INFO: [Labtools 27-2221] Launch Output:


******** Xilinx cs_server v2020.2
  ****** Build date   : Nov 04 2020-05:02:56
    **** Build number : 2020.2.1604437376
      ** Copyright 2017-2020 Xilinx, Inc. All Rights Reserved.



open_hw_target
INFO: [Labtoolstcl 44-466] Opening hw_target localhost:3121/xilinx_tcf/Xilinx/217702027011A
set_property PROGRAM.FILE {/home/gabber/FUDAN/workspace/0803_SBM/new/BBQ_BM/BBQ_BM.runs/impl_1/top.bit} [get_hw_devices xcu280_u55c_0]
set_property PROBES.FILE {/home/gabber/FUDAN/workspace/0803_SBM/new/BBQ_BM/BBQ_BM.runs/impl_1/top.ltx} [get_hw_devices xcu280_u55c_0]
set_property FULL_PROBES.FILE {/home/gabber/FUDAN/workspace/0803_SBM/new/BBQ_BM/BBQ_BM.runs/impl_1/top.ltx} [get_hw_devices xcu280_u55c_0]
current_hw_device [get_hw_devices xcu280_u55c_0]
refresh_hw_device [lindex [get_hw_devices xcu280_u55c_0] 0]
INFO: [Labtools 27-2302] Device xcu280_u55c (JTAG device index = 0) is programmed with a design that has 1 HBM core(s).
INFO: [Labtools 27-2302] Device xcu280_u55c (JTAG device index = 0) is programmed with a design that has 2 ILA core(s).
WARNING: [Labtools 27-3413] Dropping logic core with cellname:'nolabel_line137' at location 'uuid_9761D73BD3975EAFBF79B143175172A9' from probes file, since it cannot be found on the programmed device.
WARNING: [Labtools 27-1974] Mismatch between the design programmed into the device xcu280_u55c_0 and the probes file(s) /home/gabber/FUDAN/workspace/0803_SBM/new/BBQ_BM/BBQ_BM.runs/impl_1/top.ltx.
The device design has 2 ILA core(s) and 0 VIO core(s). 1 ILA core(s) and 0 VIO core(s) are matched in the probes file(s).
Resolution: 
1. Reprogram device with the correct programming file and associated probes file(s) OR
2. Goto device properties and associate the correct probes file(s) with the programming file already programmed in the device.
set_property PROBES.FILE {/home/gabber/FUDAN/workspace/0803_SBM/new/BBQ_BM/BBQ_BM.runs/impl_1/top.ltx} [get_hw_devices xcu280_u55c_0]
set_property FULL_PROBES.FILE {/home/gabber/FUDAN/workspace/0803_SBM/new/BBQ_BM/BBQ_BM.runs/impl_1/top.ltx} [get_hw_devices xcu280_u55c_0]
set_property PROGRAM.FILE {/home/gabber/FUDAN/workspace/0803_SBM/new/BBQ_BM/BBQ_BM.runs/impl_1/top.bit} [get_hw_devices xcu280_u55c_0]
program_hw_devices [get_hw_devices xcu280_u55c_0]
INFO: [Labtools 27-3164] End of startup status: HIGH
program_hw_devices: Time (s): cpu = 00:00:50 ; elapsed = 00:00:48 . Memory (MB): peak = 11848.711 ; gain = 3.004 ; free physical = 25040 ; free virtual = 53095
refresh_hw_device [lindex [get_hw_devices xcu280_u55c_0] 0]
INFO: [Labtools 27-2302] Device xcu280_u55c (JTAG device index = 0) is programmed with a design that has 1 HBM core(s).
INFO: [Labtools 27-2302] Device xcu280_u55c (JTAG device index = 0) is programmed with a design that has 2 ILA core(s).
display_hw_ila_data [ get_hw_ila_data hw_ila_data_1 -of_objects [get_hw_ilas -of_objects [get_hw_devices xcu280_u55c_0] -filter {CELL_NAME=~"bbq_inst/ila_1"}]]
display_hw_ila_data [ get_hw_ila_data hw_ila_data_2 -of_objects [get_hw_ilas -of_objects [get_hw_devices xcu280_u55c_0] -filter {CELL_NAME=~"nolabel_line137"}]]
run_hw_ila [get_hw_ilas -of_objects [get_hw_devices xcu280_u55c_0] -filter {CELL_NAME=~"bbq_inst/ila_1"}]
INFO: [Labtools 27-1964] The ILA core 'hw_ila_1' trigger was armed at 2025-Sep-08 21:12:23
wait_on_hw_ila [get_hw_ilas -of_objects [get_hw_devices xcu280_u55c_0] -filter {CELL_NAME=~"bbq_inst/ila_1"}]
display_hw_ila_data [upload_hw_ila_data [get_hw_ilas -of_objects [get_hw_devices xcu280_u55c_0] -filter {CELL_NAME=~"bbq_inst/ila_1"}]]
INFO: [Labtools 27-1966] The ILA core 'hw_ila_1' triggered at 2025-Sep-08 21:12:23
INFO: [Labtools 27-3304] ILA Waveform data saved to file /home/gabber/FUDAN/workspace/0803_SBM/new/BBQ_BM/BBQ_BM.hw/backup/hw_ila_data_1.ila. Use Tcl command 'read_hw_ila_data' or Vivado File->Import->Import ILA Data menu item to import the previously saved data.
run_hw_ila [get_hw_ilas -of_objects [get_hw_devices xcu280_u55c_0] -filter {CELL_NAME=~"bbq_inst/ila_1"}]
INFO: [Labtools 27-1964] The ILA core 'hw_ila_1' trigger was armed at 2025-Sep-08 21:12:26
wait_on_hw_ila [get_hw_ilas -of_objects [get_hw_devices xcu280_u55c_0] -filter {CELL_NAME=~"bbq_inst/ila_1"}]
display_hw_ila_data [upload_hw_ila_data [get_hw_ilas -of_objects [get_hw_devices xcu280_u55c_0] -filter {CELL_NAME=~"bbq_inst/ila_1"}]]
INFO: [Labtools 27-1966] The ILA core 'hw_ila_1' triggered at 2025-Sep-08 21:12:26
INFO: [Labtools 27-3304] ILA Waveform data saved to file /home/gabber/FUDAN/workspace/0803_SBM/new/BBQ_BM/BBQ_BM.hw/backup/hw_ila_data_1.ila. Use Tcl command 'read_hw_ila_data' or Vivado File->Import->Import ILA Data menu item to import the previously saved data.
run_hw_ila [get_hw_ilas -of_objects [get_hw_devices xcu280_u55c_0] -filter {CELL_NAME=~"bbq_inst/ila_1"}]
INFO: [Labtools 27-1964] The ILA core 'hw_ila_1' trigger was armed at 2025-Sep-08 21:12:30
wait_on_hw_ila [get_hw_ilas -of_objects [get_hw_devices xcu280_u55c_0] -filter {CELL_NAME=~"bbq_inst/ila_1"}]
display_hw_ila_data [upload_hw_ila_data [get_hw_ilas -of_objects [get_hw_devices xcu280_u55c_0] -filter {CELL_NAME=~"bbq_inst/ila_1"}]]
INFO: [Labtools 27-1966] The ILA core 'hw_ila_1' triggered at 2025-Sep-08 21:12:30
INFO: [Labtools 27-3304] ILA Waveform data saved to file /home/gabber/FUDAN/workspace/0803_SBM/new/BBQ_BM/BBQ_BM.hw/backup/hw_ila_data_1.ila. Use Tcl command 'read_hw_ila_data' or Vivado File->Import->Import ILA Data menu item to import the previously saved data.
run_hw_ila [get_hw_ilas -of_objects [get_hw_devices xcu280_u55c_0] -filter {CELL_NAME=~"bbq_inst/ila_1"}]
INFO: [Labtools 27-1964] The ILA core 'hw_ila_1' trigger was armed at 2025-Sep-08 21:12:33
run_hw_ila [get_hw_ilas -of_objects [get_hw_devices xcu280_u55c_0] -filter {CELL_NAME=~"nolabel_line137"}]
INFO: [Labtools 27-1964] The ILA core 'hw_ila_2' trigger was armed at 2025-Sep-08 21:12:33
wait_on_hw_ila [get_hw_ilas -of_objects [get_hw_devices xcu280_u55c_0] -filter {CELL_NAME=~"bbq_inst/ila_1"}]\
  [get_hw_ilas -of_objects [get_hw_devices xcu280_u55c_0] -filter {CELL_NAME=~"nolabel_line137"}]
display_hw_ila_data [upload_hw_ila_data [get_hw_ilas -of_objects [get_hw_devices xcu280_u55c_0] -filter {CELL_NAME=~"bbq_inst/ila_1"}]]
INFO: [Labtools 27-1966] The ILA core 'hw_ila_1' triggered at 2025-Sep-08 21:12:33
INFO: [Labtools 27-3304] ILA Waveform data saved to file /home/gabber/FUDAN/workspace/0803_SBM/new/BBQ_BM/BBQ_BM.hw/backup/hw_ila_data_1.ila. Use Tcl command 'read_hw_ila_data' or Vivado File->Import->Import ILA Data menu item to import the previously saved data.
display_hw_ila_data [upload_hw_ila_data [get_hw_ilas -of_objects [get_hw_devices xcu280_u55c_0] -filter {CELL_NAME=~"nolabel_line137"}]]
INFO: [Labtools 27-1966] The ILA core 'hw_ila_2' triggered at 2025-Sep-08 21:12:33
INFO: [Labtools 27-3304] ILA Waveform data saved to file /home/gabber/FUDAN/workspace/0803_SBM/new/BBQ_BM/BBQ_BM.hw/backup/hw_ila_data_2.ila. Use Tcl command 'read_hw_ila_data' or Vivado File->Import->Import ILA Data menu item to import the previously saved data.
run_hw_ila [get_hw_ilas -of_objects [get_hw_devices xcu280_u55c_0] -filter {CELL_NAME=~"bbq_inst/ila_1"}]\
   [get_hw_ilas -of_objects [get_hw_devices xcu280_u55c_0] -filter {CELL_NAME=~"nolabel_line137"}]
INFO: [Labtools 27-1964] The ILA core 'hw_ila_1' trigger was armed at 2025-Sep-08 21:12:37
INFO: [Labtools 27-1964] The ILA core 'hw_ila_2' trigger was armed at 2025-Sep-08 21:12:37
wait_on_hw_ila [get_hw_ilas -of_objects [get_hw_devices xcu280_u55c_0] -filter {CELL_NAME=~"bbq_inst/ila_1"}]\
  [get_hw_ilas -of_objects [get_hw_devices xcu280_u55c_0] -filter {CELL_NAME=~"nolabel_line137"}]
display_hw_ila_data [upload_hw_ila_data [get_hw_ilas -of_objects [get_hw_devices xcu280_u55c_0] -filter {CELL_NAME=~"bbq_inst/ila_1"}]]
INFO: [Labtools 27-1966] The ILA core 'hw_ila_1' triggered at 2025-Sep-08 21:12:37
INFO: [Labtools 27-3304] ILA Waveform data saved to file /home/gabber/FUDAN/workspace/0803_SBM/new/BBQ_BM/BBQ_BM.hw/backup/hw_ila_data_1.ila. Use Tcl command 'read_hw_ila_data' or Vivado File->Import->Import ILA Data menu item to import the previously saved data.
display_hw_ila_data [upload_hw_ila_data [get_hw_ilas -of_objects [get_hw_devices xcu280_u55c_0] -filter {CELL_NAME=~"nolabel_line137"}]]
INFO: [Labtools 27-1966] The ILA core 'hw_ila_2' triggered at 2025-Sep-08 21:12:37
INFO: [Labtools 27-3304] ILA Waveform data saved to file /home/gabber/FUDAN/workspace/0803_SBM/new/BBQ_BM/BBQ_BM.hw/backup/hw_ila_data_2.ila. Use Tcl command 'read_hw_ila_data' or Vivado File->Import->Import ILA Data menu item to import the previously saved data.
run_hw_ila [get_hw_ilas -of_objects [get_hw_devices xcu280_u55c_0] -filter {CELL_NAME=~"bbq_inst/ila_1"}]\
   [get_hw_ilas -of_objects [get_hw_devices xcu280_u55c_0] -filter {CELL_NAME=~"nolabel_line137"}]
INFO: [Labtools 27-1964] The ILA core 'hw_ila_1' trigger was armed at 2025-Sep-08 21:12:40
INFO: [Labtools 27-1964] The ILA core 'hw_ila_2' trigger was armed at 2025-Sep-08 21:12:40
wait_on_hw_ila [get_hw_ilas -of_objects [get_hw_devices xcu280_u55c_0] -filter {CELL_NAME=~"bbq_inst/ila_1"}]\
  [get_hw_ilas -of_objects [get_hw_devices xcu280_u55c_0] -filter {CELL_NAME=~"nolabel_line137"}]
display_hw_ila_data [upload_hw_ila_data [get_hw_ilas -of_objects [get_hw_devices xcu280_u55c_0] -filter {CELL_NAME=~"bbq_inst/ila_1"}]]
INFO: [Labtools 27-1966] The ILA core 'hw_ila_1' triggered at 2025-Sep-08 21:12:40
INFO: [Labtools 27-3304] ILA Waveform data saved to file /home/gabber/FUDAN/workspace/0803_SBM/new/BBQ_BM/BBQ_BM.hw/backup/hw_ila_data_1.ila. Use Tcl command 'read_hw_ila_data' or Vivado File->Import->Import ILA Data menu item to import the previously saved data.
display_hw_ila_data [upload_hw_ila_data [get_hw_ilas -of_objects [get_hw_devices xcu280_u55c_0] -filter {CELL_NAME=~"nolabel_line137"}]]
INFO: [Labtools 27-1966] The ILA core 'hw_ila_2' triggered at 2025-Sep-08 21:12:40
INFO: [Labtools 27-3304] ILA Waveform data saved to file /home/gabber/FUDAN/workspace/0803_SBM/new/BBQ_BM/BBQ_BM.hw/backup/hw_ila_data_2.ila. Use Tcl command 'read_hw_ila_data' or Vivado File->Import->Import ILA Data menu item to import the previously saved data.
run_hw_ila [get_hw_ilas -of_objects [get_hw_devices xcu280_u55c_0] -filter {CELL_NAME=~"bbq_inst/ila_1"}]\
   [get_hw_ilas -of_objects [get_hw_devices xcu280_u55c_0] -filter {CELL_NAME=~"nolabel_line137"}]
INFO: [Labtools 27-1964] The ILA core 'hw_ila_1' trigger was armed at 2025-Sep-08 21:12:43
INFO: [Labtools 27-1964] The ILA core 'hw_ila_2' trigger was armed at 2025-Sep-08 21:12:43
wait_on_hw_ila [get_hw_ilas -of_objects [get_hw_devices xcu280_u55c_0] -filter {CELL_NAME=~"bbq_inst/ila_1"}]\
  [get_hw_ilas -of_objects [get_hw_devices xcu280_u55c_0] -filter {CELL_NAME=~"nolabel_line137"}]
display_hw_ila_data [upload_hw_ila_data [get_hw_ilas -of_objects [get_hw_devices xcu280_u55c_0] -filter {CELL_NAME=~"bbq_inst/ila_1"}]]
INFO: [Labtools 27-1966] The ILA core 'hw_ila_1' triggered at 2025-Sep-08 21:12:43
INFO: [Labtools 27-3304] ILA Waveform data saved to file /home/gabber/FUDAN/workspace/0803_SBM/new/BBQ_BM/BBQ_BM.hw/backup/hw_ila_data_1.ila. Use Tcl command 'read_hw_ila_data' or Vivado File->Import->Import ILA Data menu item to import the previously saved data.
display_hw_ila_data [upload_hw_ila_data [get_hw_ilas -of_objects [get_hw_devices xcu280_u55c_0] -filter {CELL_NAME=~"nolabel_line137"}]]
INFO: [Labtools 27-1966] The ILA core 'hw_ila_2' triggered at 2025-Sep-08 21:12:44
INFO: [Labtools 27-3304] ILA Waveform data saved to file /home/gabber/FUDAN/workspace/0803_SBM/new/BBQ_BM/BBQ_BM.hw/backup/hw_ila_data_2.ila. Use Tcl command 'read_hw_ila_data' or Vivado File->Import->Import ILA Data menu item to import the previously saved data.
run_hw_ila [get_hw_ilas -of_objects [get_hw_devices xcu280_u55c_0] -filter {CELL_NAME=~"bbq_inst/ila_1"}]\
   [get_hw_ilas -of_objects [get_hw_devices xcu280_u55c_0] -filter {CELL_NAME=~"nolabel_line137"}]
INFO: [Labtools 27-1964] The ILA core 'hw_ila_1' trigger was armed at 2025-Sep-08 21:12:47
INFO: [Labtools 27-1964] The ILA core 'hw_ila_2' trigger was armed at 2025-Sep-08 21:12:47
wait_on_hw_ila [get_hw_ilas -of_objects [get_hw_devices xcu280_u55c_0] -filter {CELL_NAME=~"bbq_inst/ila_1"}]\
  [get_hw_ilas -of_objects [get_hw_devices xcu280_u55c_0] -filter {CELL_NAME=~"nolabel_line137"}]
display_hw_ila_data [upload_hw_ila_data [get_hw_ilas -of_objects [get_hw_devices xcu280_u55c_0] -filter {CELL_NAME=~"bbq_inst/ila_1"}]]
INFO: [Labtools 27-1966] The ILA core 'hw_ila_1' triggered at 2025-Sep-08 21:12:47
INFO: [Labtools 27-3304] ILA Waveform data saved to file /home/gabber/FUDAN/workspace/0803_SBM/new/BBQ_BM/BBQ_BM.hw/backup/hw_ila_data_1.ila. Use Tcl command 'read_hw_ila_data' or Vivado File->Import->Import ILA Data menu item to import the previously saved data.
display_hw_ila_data [upload_hw_ila_data [get_hw_ilas -of_objects [get_hw_devices xcu280_u55c_0] -filter {CELL_NAME=~"nolabel_line137"}]]
INFO: [Labtools 27-1966] The ILA core 'hw_ila_2' triggered at 2025-Sep-08 21:12:47
INFO: [Labtools 27-3304] ILA Waveform data saved to file /home/gabber/FUDAN/workspace/0803_SBM/new/BBQ_BM/BBQ_BM.hw/backup/hw_ila_data_2.ila. Use Tcl command 'read_hw_ila_data' or Vivado File->Import->Import ILA Data menu item to import the previously saved data.
run_hw_ila [get_hw_ilas -of_objects [get_hw_devices xcu280_u55c_0] -filter {CELL_NAME=~"bbq_inst/ila_1"}]\
   [get_hw_ilas -of_objects [get_hw_devices xcu280_u55c_0] -filter {CELL_NAME=~"nolabel_line137"}]
INFO: [Labtools 27-1964] The ILA core 'hw_ila_1' trigger was armed at 2025-Sep-08 21:12:51
INFO: [Labtools 27-1964] The ILA core 'hw_ila_2' trigger was armed at 2025-Sep-08 21:12:51
wait_on_hw_ila [get_hw_ilas -of_objects [get_hw_devices xcu280_u55c_0] -filter {CELL_NAME=~"bbq_inst/ila_1"}]\
  [get_hw_ilas -of_objects [get_hw_devices xcu280_u55c_0] -filter {CELL_NAME=~"nolabel_line137"}]
display_hw_ila_data [upload_hw_ila_data [get_hw_ilas -of_objects [get_hw_devices xcu280_u55c_0] -filter {CELL_NAME=~"bbq_inst/ila_1"}]]
INFO: [Labtools 27-1966] The ILA core 'hw_ila_1' triggered at 2025-Sep-08 21:12:51
INFO: [Labtools 27-3304] ILA Waveform data saved to file /home/gabber/FUDAN/workspace/0803_SBM/new/BBQ_BM/BBQ_BM.hw/backup/hw_ila_data_1.ila. Use Tcl command 'read_hw_ila_data' or Vivado File->Import->Import ILA Data menu item to import the previously saved data.
display_hw_ila_data [upload_hw_ila_data [get_hw_ilas -of_objects [get_hw_devices xcu280_u55c_0] -filter {CELL_NAME=~"nolabel_line137"}]]
INFO: [Labtools 27-1966] The ILA core 'hw_ila_2' triggered at 2025-Sep-08 21:12:51
INFO: [Labtools 27-3304] ILA Waveform data saved to file /home/gabber/FUDAN/workspace/0803_SBM/new/BBQ_BM/BBQ_BM.hw/backup/hw_ila_data_2.ila. Use Tcl command 'read_hw_ila_data' or Vivado File->Import->Import ILA Data menu item to import the previously saved data.
run_hw_ila [get_hw_ilas -of_objects [get_hw_devices xcu280_u55c_0] -filter {CELL_NAME=~"bbq_inst/ila_1"}]\
   [get_hw_ilas -of_objects [get_hw_devices xcu280_u55c_0] -filter {CELL_NAME=~"nolabel_line137"}]
INFO: [Labtools 27-1964] The ILA core 'hw_ila_1' trigger was armed at 2025-Sep-08 21:12:54
INFO: [Labtools 27-1964] The ILA core 'hw_ila_2' trigger was armed at 2025-Sep-08 21:12:54
wait_on_hw_ila [get_hw_ilas -of_objects [get_hw_devices xcu280_u55c_0] -filter {CELL_NAME=~"bbq_inst/ila_1"}]\
  [get_hw_ilas -of_objects [get_hw_devices xcu280_u55c_0] -filter {CELL_NAME=~"nolabel_line137"}]
display_hw_ila_data [upload_hw_ila_data [get_hw_ilas -of_objects [get_hw_devices xcu280_u55c_0] -filter {CELL_NAME=~"bbq_inst/ila_1"}]]
INFO: [Labtools 27-1966] The ILA core 'hw_ila_1' triggered at 2025-Sep-08 21:12:54
INFO: [Labtools 27-3304] ILA Waveform data saved to file /home/gabber/FUDAN/workspace/0803_SBM/new/BBQ_BM/BBQ_BM.hw/backup/hw_ila_data_1.ila. Use Tcl command 'read_hw_ila_data' or Vivado File->Import->Import ILA Data menu item to import the previously saved data.
display_hw_ila_data [upload_hw_ila_data [get_hw_ilas -of_objects [get_hw_devices xcu280_u55c_0] -filter {CELL_NAME=~"nolabel_line137"}]]
INFO: [Labtools 27-1966] The ILA core 'hw_ila_2' triggered at 2025-Sep-08 21:12:54
INFO: [Labtools 27-3304] ILA Waveform data saved to file /home/gabber/FUDAN/workspace/0803_SBM/new/BBQ_BM/BBQ_BM.hw/backup/hw_ila_data_2.ila. Use Tcl command 'read_hw_ila_data' or Vivado File->Import->Import ILA Data menu item to import the previously saved data.
run_hw_ila [get_hw_ilas -of_objects [get_hw_devices xcu280_u55c_0] -filter {CELL_NAME=~"bbq_inst/ila_1"}]\
   [get_hw_ilas -of_objects [get_hw_devices xcu280_u55c_0] -filter {CELL_NAME=~"nolabel_line137"}]
INFO: [Labtools 27-1964] The ILA core 'hw_ila_1' trigger was armed at 2025-Sep-08 21:12:57
INFO: [Labtools 27-1964] The ILA core 'hw_ila_2' trigger was armed at 2025-Sep-08 21:12:57
wait_on_hw_ila [get_hw_ilas -of_objects [get_hw_devices xcu280_u55c_0] -filter {CELL_NAME=~"bbq_inst/ila_1"}]\
  [get_hw_ilas -of_objects [get_hw_devices xcu280_u55c_0] -filter {CELL_NAME=~"nolabel_line137"}]
display_hw_ila_data [upload_hw_ila_data [get_hw_ilas -of_objects [get_hw_devices xcu280_u55c_0] -filter {CELL_NAME=~"bbq_inst/ila_1"}]]
INFO: [Labtools 27-1966] The ILA core 'hw_ila_1' triggered at 2025-Sep-08 21:12:57
INFO: [Labtools 27-3304] ILA Waveform data saved to file /home/gabber/FUDAN/workspace/0803_SBM/new/BBQ_BM/BBQ_BM.hw/backup/hw_ila_data_1.ila. Use Tcl command 'read_hw_ila_data' or Vivado File->Import->Import ILA Data menu item to import the previously saved data.
display_hw_ila_data [upload_hw_ila_data [get_hw_ilas -of_objects [get_hw_devices xcu280_u55c_0] -filter {CELL_NAME=~"nolabel_line137"}]]
INFO: [Labtools 27-1966] The ILA core 'hw_ila_2' triggered at 2025-Sep-08 21:12:57
INFO: [Labtools 27-3304] ILA Waveform data saved to file /home/gabber/FUDAN/workspace/0803_SBM/new/BBQ_BM/BBQ_BM.hw/backup/hw_ila_data_2.ila. Use Tcl command 'read_hw_ila_data' or Vivado File->Import->Import ILA Data menu item to import the previously saved data.
run_hw_ila [get_hw_ilas -of_objects [get_hw_devices xcu280_u55c_0] -filter {CELL_NAME=~"bbq_inst/ila_1"}]\
   [get_hw_ilas -of_objects [get_hw_devices xcu280_u55c_0] -filter {CELL_NAME=~"nolabel_line137"}]
INFO: [Labtools 27-1964] The ILA core 'hw_ila_1' trigger was armed at 2025-Sep-08 21:13:01
INFO: [Labtools 27-1964] The ILA core 'hw_ila_2' trigger was armed at 2025-Sep-08 21:13:01
wait_on_hw_ila [get_hw_ilas -of_objects [get_hw_devices xcu280_u55c_0] -filter {CELL_NAME=~"bbq_inst/ila_1"}]\
  [get_hw_ilas -of_objects [get_hw_devices xcu280_u55c_0] -filter {CELL_NAME=~"nolabel_line137"}]
display_hw_ila_data [upload_hw_ila_data [get_hw_ilas -of_objects [get_hw_devices xcu280_u55c_0] -filter {CELL_NAME=~"bbq_inst/ila_1"}]]
INFO: [Labtools 27-1966] The ILA core 'hw_ila_1' triggered at 2025-Sep-08 21:13:01
INFO: [Labtools 27-3304] ILA Waveform data saved to file /home/gabber/FUDAN/workspace/0803_SBM/new/BBQ_BM/BBQ_BM.hw/backup/hw_ila_data_1.ila. Use Tcl command 'read_hw_ila_data' or Vivado File->Import->Import ILA Data menu item to import the previously saved data.
display_hw_ila_data [upload_hw_ila_data [get_hw_ilas -of_objects [get_hw_devices xcu280_u55c_0] -filter {CELL_NAME=~"nolabel_line137"}]]
INFO: [Labtools 27-1966] The ILA core 'hw_ila_2' triggered at 2025-Sep-08 21:13:01
INFO: [Labtools 27-3304] ILA Waveform data saved to file /home/gabber/FUDAN/workspace/0803_SBM/new/BBQ_BM/BBQ_BM.hw/backup/hw_ila_data_2.ila. Use Tcl command 'read_hw_ila_data' or Vivado File->Import->Import ILA Data menu item to import the previously saved data.
run_hw_ila [get_hw_ilas -of_objects [get_hw_devices xcu280_u55c_0] -filter {CELL_NAME=~"bbq_inst/ila_1"}]\
   [get_hw_ilas -of_objects [get_hw_devices xcu280_u55c_0] -filter {CELL_NAME=~"nolabel_line137"}]
INFO: [Labtools 27-1964] The ILA core 'hw_ila_1' trigger was armed at 2025-Sep-08 21:13:04
INFO: [Labtools 27-1964] The ILA core 'hw_ila_2' trigger was armed at 2025-Sep-08 21:13:04
wait_on_hw_ila [get_hw_ilas -of_objects [get_hw_devices xcu280_u55c_0] -filter {CELL_NAME=~"bbq_inst/ila_1"}]\
  [get_hw_ilas -of_objects [get_hw_devices xcu280_u55c_0] -filter {CELL_NAME=~"nolabel_line137"}]
display_hw_ila_data [upload_hw_ila_data [get_hw_ilas -of_objects [get_hw_devices xcu280_u55c_0] -filter {CELL_NAME=~"bbq_inst/ila_1"}]]
INFO: [Labtools 27-1966] The ILA core 'hw_ila_1' triggered at 2025-Sep-08 21:13:04
INFO: [Labtools 27-3304] ILA Waveform data saved to file /home/gabber/FUDAN/workspace/0803_SBM/new/BBQ_BM/BBQ_BM.hw/backup/hw_ila_data_1.ila. Use Tcl command 'read_hw_ila_data' or Vivado File->Import->Import ILA Data menu item to import the previously saved data.
display_hw_ila_data [upload_hw_ila_data [get_hw_ilas -of_objects [get_hw_devices xcu280_u55c_0] -filter {CELL_NAME=~"nolabel_line137"}]]
INFO: [Labtools 27-1966] The ILA core 'hw_ila_2' triggered at 2025-Sep-08 21:13:04
INFO: [Labtools 27-3304] ILA Waveform data saved to file /home/gabber/FUDAN/workspace/0803_SBM/new/BBQ_BM/BBQ_BM.hw/backup/hw_ila_data_2.ila. Use Tcl command 'read_hw_ila_data' or Vivado File->Import->Import ILA Data menu item to import the previously saved data.
run_hw_ila [get_hw_ilas -of_objects [get_hw_devices xcu280_u55c_0] -filter {CELL_NAME=~"bbq_inst/ila_1"}]\
   [get_hw_ilas -of_objects [get_hw_devices xcu280_u55c_0] -filter {CELL_NAME=~"nolabel_line137"}]
INFO: [Labtools 27-1964] The ILA core 'hw_ila_1' trigger was armed at 2025-Sep-08 21:13:07
INFO: [Labtools 27-1964] The ILA core 'hw_ila_2' trigger was armed at 2025-Sep-08 21:13:07
wait_on_hw_ila [get_hw_ilas -of_objects [get_hw_devices xcu280_u55c_0] -filter {CELL_NAME=~"bbq_inst/ila_1"}]\
  [get_hw_ilas -of_objects [get_hw_devices xcu280_u55c_0] -filter {CELL_NAME=~"nolabel_line137"}]
display_hw_ila_data [upload_hw_ila_data [get_hw_ilas -of_objects [get_hw_devices xcu280_u55c_0] -filter {CELL_NAME=~"bbq_inst/ila_1"}]]
INFO: [Labtools 27-1966] The ILA core 'hw_ila_1' triggered at 2025-Sep-08 21:13:07
INFO: [Labtools 27-3304] ILA Waveform data saved to file /home/gabber/FUDAN/workspace/0803_SBM/new/BBQ_BM/BBQ_BM.hw/backup/hw_ila_data_1.ila. Use Tcl command 'read_hw_ila_data' or Vivado File->Import->Import ILA Data menu item to import the previously saved data.
display_hw_ila_data [upload_hw_ila_data [get_hw_ilas -of_objects [get_hw_devices xcu280_u55c_0] -filter {CELL_NAME=~"nolabel_line137"}]]
INFO: [Labtools 27-1966] The ILA core 'hw_ila_2' triggered at 2025-Sep-08 21:13:07
INFO: [Labtools 27-3304] ILA Waveform data saved to file /home/gabber/FUDAN/workspace/0803_SBM/new/BBQ_BM/BBQ_BM.hw/backup/hw_ila_data_2.ila. Use Tcl command 'read_hw_ila_data' or Vivado File->Import->Import ILA Data menu item to import the previously saved data.
run_hw_ila [get_hw_ilas -of_objects [get_hw_devices xcu280_u55c_0] -filter {CELL_NAME=~"bbq_inst/ila_1"}]\
   [get_hw_ilas -of_objects [get_hw_devices xcu280_u55c_0] -filter {CELL_NAME=~"nolabel_line137"}]
INFO: [Labtools 27-1964] The ILA core 'hw_ila_1' trigger was armed at 2025-Sep-08 21:13:11
INFO: [Labtools 27-1964] The ILA core 'hw_ila_2' trigger was armed at 2025-Sep-08 21:13:11
wait_on_hw_ila [get_hw_ilas -of_objects [get_hw_devices xcu280_u55c_0] -filter {CELL_NAME=~"bbq_inst/ila_1"}]\
  [get_hw_ilas -of_objects [get_hw_devices xcu280_u55c_0] -filter {CELL_NAME=~"nolabel_line137"}]
display_hw_ila_data [upload_hw_ila_data [get_hw_ilas -of_objects [get_hw_devices xcu280_u55c_0] -filter {CELL_NAME=~"bbq_inst/ila_1"}]]
INFO: [Labtools 27-1966] The ILA core 'hw_ila_1' triggered at 2025-Sep-08 21:13:11
INFO: [Labtools 27-3304] ILA Waveform data saved to file /home/gabber/FUDAN/workspace/0803_SBM/new/BBQ_BM/BBQ_BM.hw/backup/hw_ila_data_1.ila. Use Tcl command 'read_hw_ila_data' or Vivado File->Import->Import ILA Data menu item to import the previously saved data.
display_hw_ila_data [upload_hw_ila_data [get_hw_ilas -of_objects [get_hw_devices xcu280_u55c_0] -filter {CELL_NAME=~"nolabel_line137"}]]
INFO: [Labtools 27-1966] The ILA core 'hw_ila_2' triggered at 2025-Sep-08 21:13:11
INFO: [Labtools 27-3304] ILA Waveform data saved to file /home/gabber/FUDAN/workspace/0803_SBM/new/BBQ_BM/BBQ_BM.hw/backup/hw_ila_data_2.ila. Use Tcl command 'read_hw_ila_data' or Vivado File->Import->Import ILA Data menu item to import the previously saved data.
run_hw_ila [get_hw_ilas -of_objects [get_hw_devices xcu280_u55c_0] -filter {CELL_NAME=~"bbq_inst/ila_1"}]
INFO: [Labtools 27-1964] The ILA core 'hw_ila_1' trigger was armed at 2025-Sep-08 21:13:14
wait_on_hw_ila [get_hw_ilas -of_objects [get_hw_devices xcu280_u55c_0] -filter {CELL_NAME=~"bbq_inst/ila_1"}]
display_hw_ila_data [upload_hw_ila_data [get_hw_ilas -of_objects [get_hw_devices xcu280_u55c_0] -filter {CELL_NAME=~"bbq_inst/ila_1"}]]
INFO: [Labtools 27-1966] The ILA core 'hw_ila_1' triggered at 2025-Sep-08 21:13:14
INFO: [Labtools 27-3304] ILA Waveform data saved to file /home/gabber/FUDAN/workspace/0803_SBM/new/BBQ_BM/BBQ_BM.hw/backup/hw_ila_data_1.ila. Use Tcl command 'read_hw_ila_data' or Vivado File->Import->Import ILA Data menu item to import the previously saved data.
run_hw_ila [get_hw_ilas -of_objects [get_hw_devices xcu280_u55c_0] -filter {CELL_NAME=~"bbq_inst/ila_1"}]
INFO: [Labtools 27-1964] The ILA core 'hw_ila_1' trigger was armed at 2025-Sep-08 21:13:17
wait_on_hw_ila [get_hw_ilas -of_objects [get_hw_devices xcu280_u55c_0] -filter {CELL_NAME=~"bbq_inst/ila_1"}]
display_hw_ila_data [upload_hw_ila_data [get_hw_ilas -of_objects [get_hw_devices xcu280_u55c_0] -filter {CELL_NAME=~"bbq_inst/ila_1"}]]
INFO: [Labtools 27-1966] The ILA core 'hw_ila_1' triggered at 2025-Sep-08 21:13:17
INFO: [Labtools 27-3304] ILA Waveform data saved to file /home/gabber/FUDAN/workspace/0803_SBM/new/BBQ_BM/BBQ_BM.hw/backup/hw_ila_data_1.ila. Use Tcl command 'read_hw_ila_data' or Vivado File->Import->Import ILA Data menu item to import the previously saved data.
run_hw_ila [get_hw_ilas -of_objects [get_hw_devices xcu280_u55c_0] -filter {CELL_NAME=~"bbq_inst/ila_1"}]
INFO: [Labtools 27-1964] The ILA core 'hw_ila_1' trigger was armed at 2025-Sep-08 21:13:21
wait_on_hw_ila [get_hw_ilas -of_objects [get_hw_devices xcu280_u55c_0] -filter {CELL_NAME=~"bbq_inst/ila_1"}]
display_hw_ila_data [upload_hw_ila_data [get_hw_ilas -of_objects [get_hw_devices xcu280_u55c_0] -filter {CELL_NAME=~"bbq_inst/ila_1"}]]
INFO: [Labtools 27-1966] The ILA core 'hw_ila_1' triggered at 2025-Sep-08 21:13:21
INFO: [Labtools 27-3304] ILA Waveform data saved to file /home/gabber/FUDAN/workspace/0803_SBM/new/BBQ_BM/BBQ_BM.hw/backup/hw_ila_data_1.ila. Use Tcl command 'read_hw_ila_data' or Vivado File->Import->Import ILA Data menu item to import the previously saved data.
run_hw_ila [get_hw_ilas -of_objects [get_hw_devices xcu280_u55c_0] -filter {CELL_NAME=~"bbq_inst/ila_1"}]
INFO: [Labtools 27-1964] The ILA core 'hw_ila_1' trigger was armed at 2025-Sep-08 21:13:24
wait_on_hw_ila [get_hw_ilas -of_objects [get_hw_devices xcu280_u55c_0] -filter {CELL_NAME=~"bbq_inst/ila_1"}]
display_hw_ila_data [upload_hw_ila_data [get_hw_ilas -of_objects [get_hw_devices xcu280_u55c_0] -filter {CELL_NAME=~"bbq_inst/ila_1"}]]
INFO: [Labtools 27-1966] The ILA core 'hw_ila_1' triggered at 2025-Sep-08 21:13:24
INFO: [Labtools 27-3304] ILA Waveform data saved to file /home/gabber/FUDAN/workspace/0803_SBM/new/BBQ_BM/BBQ_BM.hw/backup/hw_ila_data_1.ila. Use Tcl command 'read_hw_ila_data' or Vivado File->Import->Import ILA Data menu item to import the previously saved data.
run_hw_ila [get_hw_ilas -of_objects [get_hw_devices xcu280_u55c_0] -filter {CELL_NAME=~"bbq_inst/ila_1"}]
INFO: [Labtools 27-1964] The ILA core 'hw_ila_1' trigger was armed at 2025-Sep-08 21:13:28
wait_on_hw_ila [get_hw_ilas -of_objects [get_hw_devices xcu280_u55c_0] -filter {CELL_NAME=~"bbq_inst/ila_1"}]
display_hw_ila_data [upload_hw_ila_data [get_hw_ilas -of_objects [get_hw_devices xcu280_u55c_0] -filter {CELL_NAME=~"bbq_inst/ila_1"}]]
INFO: [Labtools 27-1966] The ILA core 'hw_ila_1' triggered at 2025-Sep-08 21:13:28
INFO: [Labtools 27-3304] ILA Waveform data saved to file /home/gabber/FUDAN/workspace/0803_SBM/new/BBQ_BM/BBQ_BM.hw/backup/hw_ila_data_1.ila. Use Tcl command 'read_hw_ila_data' or Vivado File->Import->Import ILA Data menu item to import the previously saved data.
run_hw_ila [get_hw_ilas -of_objects [get_hw_devices xcu280_u55c_0] -filter {CELL_NAME=~"bbq_inst/ila_1"}]
INFO: [Labtools 27-1964] The ILA core 'hw_ila_1' trigger was armed at 2025-Sep-08 21:13:31
wait_on_hw_ila [get_hw_ilas -of_objects [get_hw_devices xcu280_u55c_0] -filter {CELL_NAME=~"bbq_inst/ila_1"}]
display_hw_ila_data [upload_hw_ila_data [get_hw_ilas -of_objects [get_hw_devices xcu280_u55c_0] -filter {CELL_NAME=~"bbq_inst/ila_1"}]]
INFO: [Labtools 27-1966] The ILA core 'hw_ila_1' triggered at 2025-Sep-08 21:13:31
INFO: [Labtools 27-3304] ILA Waveform data saved to file /home/gabber/FUDAN/workspace/0803_SBM/new/BBQ_BM/BBQ_BM.hw/backup/hw_ila_data_1.ila. Use Tcl command 'read_hw_ila_data' or Vivado File->Import->Import ILA Data menu item to import the previously saved data.
run_hw_ila [get_hw_ilas -of_objects [get_hw_devices xcu280_u55c_0] -filter {CELL_NAME=~"bbq_inst/ila_1"}]
INFO: [Labtools 27-1964] The ILA core 'hw_ila_1' trigger was armed at 2025-Sep-08 21:13:34
wait_on_hw_ila [get_hw_ilas -of_objects [get_hw_devices xcu280_u55c_0] -filter {CELL_NAME=~"bbq_inst/ila_1"}]
display_hw_ila_data [upload_hw_ila_data [get_hw_ilas -of_objects [get_hw_devices xcu280_u55c_0] -filter {CELL_NAME=~"bbq_inst/ila_1"}]]
INFO: [Labtools 27-1966] The ILA core 'hw_ila_1' triggered at 2025-Sep-08 21:13:34
INFO: [Labtools 27-3304] ILA Waveform data saved to file /home/gabber/FUDAN/workspace/0803_SBM/new/BBQ_BM/BBQ_BM.hw/backup/hw_ila_data_1.ila. Use Tcl command 'read_hw_ila_data' or Vivado File->Import->Import ILA Data menu item to import the previously saved data.
run_hw_ila [get_hw_ilas -of_objects [get_hw_devices xcu280_u55c_0] -filter {CELL_NAME=~"bbq_inst/ila_1"}]
INFO: [Labtools 27-1964] The ILA core 'hw_ila_1' trigger was armed at 2025-Sep-08 21:13:38
wait_on_hw_ila [get_hw_ilas -of_objects [get_hw_devices xcu280_u55c_0] -filter {CELL_NAME=~"bbq_inst/ila_1"}]
display_hw_ila_data [upload_hw_ila_data [get_hw_ilas -of_objects [get_hw_devices xcu280_u55c_0] -filter {CELL_NAME=~"bbq_inst/ila_1"}]]
INFO: [Labtools 27-1966] The ILA core 'hw_ila_1' triggered at 2025-Sep-08 21:13:38
INFO: [Labtools 27-3304] ILA Waveform data saved to file /home/gabber/FUDAN/workspace/0803_SBM/new/BBQ_BM/BBQ_BM.hw/backup/hw_ila_data_1.ila. Use Tcl command 'read_hw_ila_data' or Vivado File->Import->Import ILA Data menu item to import the previously saved data.
run_hw_ila [get_hw_ilas -of_objects [get_hw_devices xcu280_u55c_0] -filter {CELL_NAME=~"bbq_inst/ila_1"}]
INFO: [Labtools 27-1964] The ILA core 'hw_ila_1' trigger was armed at 2025-Sep-08 21:13:41
wait_on_hw_ila [get_hw_ilas -of_objects [get_hw_devices xcu280_u55c_0] -filter {CELL_NAME=~"bbq_inst/ila_1"}]
display_hw_ila_data [upload_hw_ila_data [get_hw_ilas -of_objects [get_hw_devices xcu280_u55c_0] -filter {CELL_NAME=~"bbq_inst/ila_1"}]]
INFO: [Labtools 27-1966] The ILA core 'hw_ila_1' triggered at 2025-Sep-08 21:13:41
INFO: [Labtools 27-3304] ILA Waveform data saved to file /home/gabber/FUDAN/workspace/0803_SBM/new/BBQ_BM/BBQ_BM.hw/backup/hw_ila_data_1.ila. Use Tcl command 'read_hw_ila_data' or Vivado File->Import->Import ILA Data menu item to import the previously saved data.
run_hw_ila [get_hw_ilas -of_objects [get_hw_devices xcu280_u55c_0] -filter {CELL_NAME=~"bbq_inst/ila_1"}]
INFO: [Labtools 27-1964] The ILA core 'hw_ila_1' trigger was armed at 2025-Sep-08 21:13:44
wait_on_hw_ila [get_hw_ilas -of_objects [get_hw_devices xcu280_u55c_0] -filter {CELL_NAME=~"bbq_inst/ila_1"}]
display_hw_ila_data [upload_hw_ila_data [get_hw_ilas -of_objects [get_hw_devices xcu280_u55c_0] -filter {CELL_NAME=~"bbq_inst/ila_1"}]]
INFO: [Labtools 27-1966] The ILA core 'hw_ila_1' triggered at 2025-Sep-08 21:13:44
INFO: [Labtools 27-3304] ILA Waveform data saved to file /home/gabber/FUDAN/workspace/0803_SBM/new/BBQ_BM/BBQ_BM.hw/backup/hw_ila_data_1.ila. Use Tcl command 'read_hw_ila_data' or Vivado File->Import->Import ILA Data menu item to import the previously saved data.
run_hw_ila [get_hw_ilas -of_objects [get_hw_devices xcu280_u55c_0] -filter {CELL_NAME=~"bbq_inst/ila_1"}]
INFO: [Labtools 27-1964] The ILA core 'hw_ila_1' trigger was armed at 2025-Sep-08 21:13:48
wait_on_hw_ila [get_hw_ilas -of_objects [get_hw_devices xcu280_u55c_0] -filter {CELL_NAME=~"bbq_inst/ila_1"}]
display_hw_ila_data [upload_hw_ila_data [get_hw_ilas -of_objects [get_hw_devices xcu280_u55c_0] -filter {CELL_NAME=~"bbq_inst/ila_1"}]]
INFO: [Labtools 27-1966] The ILA core 'hw_ila_1' triggered at 2025-Sep-08 21:13:48
INFO: [Labtools 27-3304] ILA Waveform data saved to file /home/gabber/FUDAN/workspace/0803_SBM/new/BBQ_BM/BBQ_BM.hw/backup/hw_ila_data_1.ila. Use Tcl command 'read_hw_ila_data' or Vivado File->Import->Import ILA Data menu item to import the previously saved data.
run_hw_ila [get_hw_ilas -of_objects [get_hw_devices xcu280_u55c_0] -filter {CELL_NAME=~"bbq_inst/ila_1"}]
INFO: [Labtools 27-1964] The ILA core 'hw_ila_1' trigger was armed at 2025-Sep-08 21:13:51
wait_on_hw_ila [get_hw_ilas -of_objects [get_hw_devices xcu280_u55c_0] -filter {CELL_NAME=~"bbq_inst/ila_1"}]
display_hw_ila_data [upload_hw_ila_data [get_hw_ilas -of_objects [get_hw_devices xcu280_u55c_0] -filter {CELL_NAME=~"bbq_inst/ila_1"}]]
INFO: [Labtools 27-1966] The ILA core 'hw_ila_1' triggered at 2025-Sep-08 21:13:51
INFO: [Labtools 27-3304] ILA Waveform data saved to file /home/gabber/FUDAN/workspace/0803_SBM/new/BBQ_BM/BBQ_BM.hw/backup/hw_ila_data_1.ila. Use Tcl command 'read_hw_ila_data' or Vivado File->Import->Import ILA Data menu item to import the previously saved data.
run_hw_ila [get_hw_ilas -of_objects [get_hw_devices xcu280_u55c_0] -filter {CELL_NAME=~"bbq_inst/ila_1"}]
INFO: [Labtools 27-1964] The ILA core 'hw_ila_1' trigger was armed at 2025-Sep-08 21:13:54
wait_on_hw_ila [get_hw_ilas -of_objects [get_hw_devices xcu280_u55c_0] -filter {CELL_NAME=~"bbq_inst/ila_1"}]
display_hw_ila_data [upload_hw_ila_data [get_hw_ilas -of_objects [get_hw_devices xcu280_u55c_0] -filter {CELL_NAME=~"bbq_inst/ila_1"}]]
INFO: [Labtools 27-1966] The ILA core 'hw_ila_1' triggered at 2025-Sep-08 21:13:54
INFO: [Labtools 27-3304] ILA Waveform data saved to file /home/gabber/FUDAN/workspace/0803_SBM/new/BBQ_BM/BBQ_BM.hw/backup/hw_ila_data_1.ila. Use Tcl command 'read_hw_ila_data' or Vivado File->Import->Import ILA Data menu item to import the previously saved data.
run_hw_ila [get_hw_ilas -of_objects [get_hw_devices xcu280_u55c_0] -filter {CELL_NAME=~"bbq_inst/ila_1"}]
INFO: [Labtools 27-1964] The ILA core 'hw_ila_1' trigger was armed at 2025-Sep-08 21:13:58
wait_on_hw_ila [get_hw_ilas -of_objects [get_hw_devices xcu280_u55c_0] -filter {CELL_NAME=~"bbq_inst/ila_1"}]
display_hw_ila_data [upload_hw_ila_data [get_hw_ilas -of_objects [get_hw_devices xcu280_u55c_0] -filter {CELL_NAME=~"bbq_inst/ila_1"}]]
INFO: [Labtools 27-1966] The ILA core 'hw_ila_1' triggered at 2025-Sep-08 21:13:58
INFO: [Labtools 27-3304] ILA Waveform data saved to file /home/gabber/FUDAN/workspace/0803_SBM/new/BBQ_BM/BBQ_BM.hw/backup/hw_ila_data_1.ila. Use Tcl command 'read_hw_ila_data' or Vivado File->Import->Import ILA Data menu item to import the previously saved data.
run_hw_ila [get_hw_ilas -of_objects [get_hw_devices xcu280_u55c_0] -filter {CELL_NAME=~"bbq_inst/ila_1"}]
INFO: [Labtools 27-1964] The ILA core 'hw_ila_1' trigger was armed at 2025-Sep-08 21:14:01
wait_on_hw_ila [get_hw_ilas -of_objects [get_hw_devices xcu280_u55c_0] -filter {CELL_NAME=~"bbq_inst/ila_1"}]
display_hw_ila_data [upload_hw_ila_data [get_hw_ilas -of_objects [get_hw_devices xcu280_u55c_0] -filter {CELL_NAME=~"bbq_inst/ila_1"}]]
INFO: [Labtools 27-1966] The ILA core 'hw_ila_1' triggered at 2025-Sep-08 21:14:01
INFO: [Labtools 27-3304] ILA Waveform data saved to file /home/gabber/FUDAN/workspace/0803_SBM/new/BBQ_BM/BBQ_BM.hw/backup/hw_ila_data_1.ila. Use Tcl command 'read_hw_ila_data' or Vivado File->Import->Import ILA Data menu item to import the previously saved data.
run_hw_ila [get_hw_ilas -of_objects [get_hw_devices xcu280_u55c_0] -filter {CELL_NAME=~"bbq_inst/ila_1"}]
INFO: [Labtools 27-1964] The ILA core 'hw_ila_1' trigger was armed at 2025-Sep-08 21:14:04
wait_on_hw_ila [get_hw_ilas -of_objects [get_hw_devices xcu280_u55c_0] -filter {CELL_NAME=~"bbq_inst/ila_1"}]
display_hw_ila_data [upload_hw_ila_data [get_hw_ilas -of_objects [get_hw_devices xcu280_u55c_0] -filter {CELL_NAME=~"bbq_inst/ila_1"}]]
INFO: [Labtools 27-1966] The ILA core 'hw_ila_1' triggered at 2025-Sep-08 21:14:04
INFO: [Labtools 27-3304] ILA Waveform data saved to file /home/gabber/FUDAN/workspace/0803_SBM/new/BBQ_BM/BBQ_BM.hw/backup/hw_ila_data_1.ila. Use Tcl command 'read_hw_ila_data' or Vivado File->Import->Import ILA Data menu item to import the previously saved data.
save_wave_config {/home/gabber/FUDAN/workspace/0803_SBM/new/BBQ_BM/BBQ_BM.hw/hw_1/wave/hw_ila_data_1/hw_ila_data_1.wcfg}
save_wave_config {/home/gabber/FUDAN/workspace/0803_SBM/new/BBQ_BM/BBQ_BM.hw/hw_1/wave/hw_ila_data_2/hw_ila_data_2.wcfg}
close_hw_manager
exit
INFO: [Common 17-206] Exiting Vivado at Mon Sep  8 21:18:20 2025...
